Archive member included to satisfy reference by file (symbol)

/Users/ethan_chou/.pico-sdk/toolchain/15_2_Rel1/bin/../lib/gcc/arm-none-eabi/15.2.1/thumb/v6-m/nofp/libgcc.a(_dvmd_tls.o)
                              CMakeFiles/WHOAMI.dir/Users/ethan_chou/.pico-sdk/sdk/2.3.0/src/rp2_common/pico_divider/divider_hardware.S.o (__aeabi_idiv0)
/Users/ethan_chou/.pico-sdk/toolchain/15_2_Rel1/bin/../lib/gcc/arm-none-eabi/15.2.1/../../../../arm-none-eabi/lib/thumb/v6-m/nofp/libg.a(libc_a-ctype_.o)
                              CMakeFiles/WHOAMI.dir/Users/ethan_chou/.pico-sdk/sdk/2.3.0/lib/tinyusb/src/tusb.c.o (_ctype_)
/Users/ethan_chou/.pico-sdk/toolchain/15_2_Rel1/bin/../lib/gcc/arm-none-eabi/15.2.1/../../../../arm-none-eabi/lib/thumb/v6-m/nofp/libg.a(libc_a-calloc.o)
                              CMakeFiles/WHOAMI.dir/Users/ethan_chou/.pico-sdk/sdk/2.3.0/src/rp2_common/pico_malloc/malloc.c.o (calloc)
/Users/ethan_chou/.pico-sdk/toolchain/15_2_Rel1/bin/../lib/gcc/arm-none-eabi/15.2.1/../../../../arm-none-eabi/lib/thumb/v6-m/nofp/libg.a(libc_a-callocr.o)
                              /Users/ethan_chou/.pico-sdk/toolchain/15_2_Rel1/bin/../lib/gcc/arm-none-eabi/15.2.1/../../../../arm-none-eabi/lib/thumb/v6-m/nofp/libg.a(libc_a-calloc.o) (_calloc_r)
/Users/ethan_chou/.pico-sdk/toolchain/15_2_Rel1/bin/../lib/gcc/arm-none-eabi/15.2.1/../../../../arm-none-eabi/lib/thumb/v6-m/nofp/libg.a(libc_a-malloc.o)
                              CMakeFiles/WHOAMI.dir/Users/ethan_chou/.pico-sdk/sdk/2.3.0/src/rp2_common/pico_malloc/malloc.c.o (malloc)
/Users/ethan_chou/.pico-sdk/toolchain/15_2_Rel1/bin/../lib/gcc/arm-none-eabi/15.2.1/../../../../arm-none-eabi/lib/thumb/v6-m/nofp/libg.a(libc_a-mallocr.o)
                              /Users/ethan_chou/.pico-sdk/toolchain/15_2_Rel1/bin/../lib/gcc/arm-none-eabi/15.2.1/../../../../arm-none-eabi/lib/thumb/v6-m/nofp/libg.a(libc_a-callocr.o) (_malloc_r)
/Users/ethan_chou/.pico-sdk/toolchain/15_2_Rel1/bin/../lib/gcc/arm-none-eabi/15.2.1/../../../../arm-none-eabi/lib/thumb/v6-m/nofp/libg.a(libc_a-mlock.o)
                              /Users/ethan_chou/.pico-sdk/toolchain/15_2_Rel1/bin/../lib/gcc/arm-none-eabi/15.2.1/../../../../arm-none-eabi/lib/thumb/v6-m/nofp/libg.a(libc_a-mallocr.o) (__malloc_lock)
/Users/ethan_chou/.pico-sdk/toolchain/15_2_Rel1/bin/../lib/gcc/arm-none-eabi/15.2.1/../../../../arm-none-eabi/lib/thumb/v6-m/nofp/libg.a(libc_a-realloc.o)
                              CMakeFiles/WHOAMI.dir/Users/ethan_chou/.pico-sdk/sdk/2.3.0/src/rp2_common/pico_malloc/malloc.c.o (realloc)
/Users/ethan_chou/.pico-sdk/toolchain/15_2_Rel1/bin/../lib/gcc/arm-none-eabi/15.2.1/../../../../arm-none-eabi/lib/thumb/v6-m/nofp/libg.a(libc_a-reallocr.o)
                              /Users/ethan_chou/.pico-sdk/toolchain/15_2_Rel1/bin/../lib/gcc/arm-none-eabi/15.2.1/../../../../arm-none-eabi/lib/thumb/v6-m/nofp/libg.a(libc_a-realloc.o) (_realloc_r)
/Users/ethan_chou/.pico-sdk/toolchain/15_2_Rel1/bin/../lib/gcc/arm-none-eabi/15.2.1/../../../../arm-none-eabi/lib/thumb/v6-m/nofp/libg.a(libc_a-memcmp.o)
                              CMakeFiles/WHOAMI.dir/Users/ethan_chou/.pico-sdk/sdk/2.3.0/src/rp2_common/pico_atomic/atomic.c.o (memcmp)
/Users/ethan_chou/.pico-sdk/toolchain/15_2_Rel1/bin/../lib/gcc/arm-none-eabi/15.2.1/../../../../arm-none-eabi/lib/thumb/v6-m/nofp/libg.a(libc_a-memmove.o)
                              /Users/ethan_chou/.pico-sdk/toolchain/15_2_Rel1/bin/../lib/gcc/arm-none-eabi/15.2.1/../../../../arm-none-eabi/lib/thumb/v6-m/nofp/libg.a(libc_a-reallocr.o) (memmove)
/Users/ethan_chou/.pico-sdk/toolchain/15_2_Rel1/bin/../lib/gcc/arm-none-eabi/15.2.1/../../../../arm-none-eabi/lib/thumb/v6-m/nofp/libg.a(libc_a-lcltime_r.o)
                              CMakeFiles/WHOAMI.dir/Users/ethan_chou/.pico-sdk/sdk/2.3.0/src/common/pico_util/datetime.c.o (localtime_r)
/Users/ethan_chou/.pico-sdk/toolchain/15_2_Rel1/bin/../lib/gcc/arm-none-eabi/15.2.1/../../../../arm-none-eabi/lib/thumb/v6-m/nofp/libg.a(libc_a-mktime.o)
                              CMakeFiles/WHOAMI.dir/Users/ethan_chou/.pico-sdk/sdk/2.3.0/src/common/pico_util/datetime.c.o (mktime)
/Users/ethan_chou/.pico-sdk/toolchain/15_2_Rel1/bin/../lib/gcc/arm-none-eabi/15.2.1/../../../../arm-none-eabi/lib/thumb/v6-m/nofp/libg.a(libc_a-month_lengths.o)
                              /Users/ethan_chou/.pico-sdk/toolchain/15_2_Rel1/bin/../lib/gcc/arm-none-eabi/15.2.1/../../../../arm-none-eabi/lib/thumb/v6-m/nofp/libg.a(libc_a-lcltime_r.o) (__month_lengths)
/Users/ethan_chou/.pico-sdk/toolchain/15_2_Rel1/bin/../lib/gcc/arm-none-eabi/15.2.1/../../../../arm-none-eabi/lib/thumb/v6-m/nofp/libg.a(libc_a-tzcalc_limits.o)
                              /Users/ethan_chou/.pico-sdk/toolchain/15_2_Rel1/bin/../lib/gcc/arm-none-eabi/15.2.1/../../../../arm-none-eabi/lib/thumb/v6-m/nofp/libg.a(libc_a-lcltime_r.o) (__tzcalc_limits)
[...]
Memory Configuration

Name             Origin             Length             Attributes
FLASH            0x10000000         0x00200000         xr
XIP_RAM          0x15000000         0x00004000         xrw
RAM              0x20000000         0x00040000         xrw
SCRATCH_X        0x20040000         0x00001000         xrw
SCRATCH_Y        0x20041000         0x00001000         xrw
*default*        0x00000000         0xffffffff

Linker script and memory map

                0x20000000                        RAM_ORIGIN_DEFAULT = 0x20000000
                0x00040000                        RAM_LENGTH_DEFAULT = 0x40000
                0x20040000                        SCRATCH_X_ORIGIN_DEFAULT = 0x20040000
                0x00001000                        SCRATCH_X_LENGTH_DEFAULT = 0x1000
                0x20041000                        SCRATCH_Y_ORIGIN_DEFAULT = 0x20041000
                0x00001000                        SCRATCH_Y_LENGTH_DEFAULT = 0x1000
                0x15000000                        XIP_RAM_ORIGIN_DEFAULT = 0x15000000
                0x00004000                        XIP_RAM_LENGTH_DEFAULT = 0x4000
LOAD CMakeFiles/WHOAMI.dir/main.c.o
LOAD CMakeFiles/WHOAMI.dir/Users/ethan_chou/.pico-sdk/sdk/2.3.0/src/rp2_common/pico_stdlib/stdlib.c.o
LOAD CMakeFiles/WHOAMI.dir/Users/ethan_chou/.pico-sdk/sdk/2.3.0/src/rp2_common/hardware_gpio/gpio.c.o
LOAD CMakeFiles/WHOAMI.dir/Users/ethan_chou/.pico-sdk/sdk/2.3.0/src/rp2040/pico_platform/platform.c.o
LOAD CMakeFiles/WHOAMI.dir/Users/ethan_chou/.pico-sdk/sdk/2.3.0/src/rp2_common/pico_platform_common/common.c.o
LOAD CMakeFiles/WHOAMI.dir/Users/ethan_chou/.pico-sdk/sdk/2.3.0/src/rp2_common/pico_platform_panic/panic.c.o
LOAD CMakeFiles/WHOAMI.dir/Users/ethan_chou/.pico-sdk/sdk/2.3.0/src/rp2_common/pico_platform_panic/custom_panic_function.S.o
LOAD CMakeFiles/WHOAMI.dir/Users/ethan_chou/.pico-sdk/sdk/2.3.0/src/common/hardware_claim/claim.c.o
LOAD CMakeFiles/WHOAMI.dir/Users/ethan_chou/.pico-sdk/sdk/2.3.0/src/rp2_common/hardware_sync/sync.c.o
LOAD CMakeFiles/WHOAMI.dir/Users/ethan_chou/.pico-sdk/sdk/2.3.0/src/rp2_common/hardware_sync_spin_lock/sync_spin_lock.c.o
LOAD CMakeFiles/WHOAMI.dir/Users/ethan_chou/.pico-sdk/sdk/2.3.0/src/rp2_common/hardware_irq/irq.c.o
LOAD CMakeFiles/WHOAMI.dir/Users/ethan_chou/.pico-sdk/sdk/2.3.0/src/rp2_common/hardware_irq/irq_handler_chain.S.o
LOAD CMakeFiles/WHOAMI.dir/Users/ethan_chou/.pico-sdk/sdk/2.3.0/src/common/pico_sync/sem.c.o
LOAD CMakeFiles/WHOAMI.dir/Users/ethan_chou/.pico-sdk/sdk/2.3.0/src/common/pico_sync/lock_core.c.o
LOAD CMakeFiles/WHOAMI.dir/Users/ethan_chou/.pico-sdk/sdk/2.3.0/src/common/pico_sync/mutex.c.o
LOAD CMakeFiles/WHOAMI.dir/Users/ethan_chou/.pico-sdk/sdk/2.3.0/src/common/pico_sync/critical_section.c.o
LOAD CMakeFiles/WHOAMI.dir/Users/ethan_chou/.pico-sdk/sdk/2.3.0/src/common/pico_time/time.c.o
LOAD CMakeFiles/WHOAMI.dir/Users/ethan_chou/.pico-sdk/sdk/2.3.0/src/common/pico_time/timeout_helper.c.o
LOAD CMakeFiles/WHOAMI.dir/Users/ethan_chou/.pico-sdk/sdk/2.3.0/src/rp2_common/hardware_timer/timer.c.o
LOAD CMakeFiles/WHOAMI.dir/Users/ethan_chou/.pico-sdk/sdk/2.3.0/src/common/pico_util/datetime.c.o
LOAD CMakeFiles/WHOAMI.dir/Users/ethan_chou/.pico-sdk/sdk/2.3.0/src/common/pico_util/fixed_bitset.c.o
LOAD CMakeFiles/WHOAMI.dir/Users/ethan_chou/.pico-sdk/sdk/2.3.0/src/common/pico_util/pheap.c.o
LOAD CMakeFiles/WHOAMI.dir/Users/ethan_chou/.pico-sdk/sdk/2.3.0/src/common/pico_util/queue.c.o
LOAD CMakeFiles/WHOAMI.dir/Users/ethan_chou/.pico-sdk/sdk/2.3.0/src/rp2_common/hardware_uart/uart.c.o
LOAD CMakeFiles/WHOAMI.dir/Users/ethan_chou/.pico-sdk/sdk/2.3.0/src/rp2_common/hardware_clocks/clocks.c.o
LOAD CMakeFiles/WHOAMI.dir/Users/ethan_chou/.pico-sdk/sdk/2.3.0/src/rp2_common/hardware_pll/pll.c.o
LOAD CMakeFiles/WHOAMI.dir/Users/ethan_chou/.pico-sdk/sdk/2.3.0/src/rp2_common/hardware_vreg/vreg.c.o
LOAD CMakeFiles/WHOAMI.dir/Users/ethan_chou/.pico-sdk/sdk/2.3.0/src/rp2_common/hardware_watchdog/watchdog.c.o
LOAD CMakeFiles/WHOAMI.dir/Users/ethan_chou/.pico-sdk/sdk/2.3.0/src/rp2_common/hardware_ticks/ticks.c.o
LOAD CMakeFiles/WHOAMI.dir/Users/ethan_chou/.pico-sdk/sdk/2.3.0/src/rp2_common/pico_bootrom/bootrom.c.o
LOAD CMakeFiles/WHOAMI.dir/Users/ethan_chou/.pico-sdk/sdk/2.3.0/src/rp2_common/pico_bootrom/bootrom_lock.c.o
LOAD CMakeFiles/WHOAMI.dir/Users/ethan_chou/.pico-sdk/sdk/2.3.0/src/rp2_common/hardware_boot_lock/boot_lock.c.o
LOAD CMakeFiles/WHOAMI.dir/Users/ethan_chou/.pico-sdk/sdk/2.3.0/src/rp2_common/pico_flash/flash.c.o
LOAD CMakeFiles/WHOAMI.dir/Users/ethan_chou/.pico-sdk/sdk/2.3.0/src/rp2_common/hardware_xosc/xosc.c.o
LOAD CMakeFiles/WHOAMI.dir/Users/ethan_chou/.pico-sdk/sdk/2.3.0/src/rp2_common/hardware_divider/divider.S.o
LOAD CMakeFiles/WHOAMI.dir/Users/ethan_chou/.pico-sdk/sdk/2.3.0/src/rp2_common/pico_runtime/runtime.c.o
LOAD CMakeFiles/WHOAMI.dir/Users/ethan_chou/.pico-sdk/sdk/2.3.0/src/rp2_common/pico_runtime_init/runtime_init.c.o
LOAD CMakeFiles/WHOAMI.dir/Users/ethan_chou/.pico-sdk/sdk/2.3.0/src/rp2_common/pico_runtime_init/runtime_init_clocks.c.o
LOAD CMakeFiles/WHOAMI.dir/Users/ethan_chou/.pico-sdk/sdk/2.3.0/src/rp2_common/pico_runtime_init/runtime_init_stack_guard.c.o
LOAD CMakeFiles/WHOAMI.dir/Users/ethan_chou/.pico-sdk/sdk/2.3.0/src/rp2_common/hardware_rtc/rtc.c.o
LOAD CMakeFiles/WHOAMI.dir/Users/ethan_chou/.pico-sdk/sdk/2.3.0/src/rp2_common/pico_bit_ops/bit_ops_aeabi.S.o
LOAD CMakeFiles/WHOAMI.dir/Users/ethan_chou/.pico-sdk/sdk/2.3.0/src/rp2_common/pico_divider/divider_hardware.S.o
LOAD CMakeFiles/WHOAMI.dir/Users/ethan_chou/.pico-sdk/sdk/2.3.0/src/rp2_common/pico_double/double_aeabi_rp2040.S.o
LOAD CMakeFiles/WHOAMI.dir/Users/ethan_chou/.pico-sdk/sdk/2.3.0/src/rp2_common/pico_double/double_init_rom_rp2040.c.o
LOAD CMakeFiles/WHOAMI.dir/Users/ethan_chou/.pico-sdk/sdk/2.3.0/src/rp2_common/pico_double/double_math.c.o
LOAD CMakeFiles/WHOAMI.dir/Users/ethan_chou/.pico-sdk/sdk/2.3.0/src/rp2_common/pico_double/double_v1_rom_shim_rp2040.S.o
LOAD CMakeFiles/WHOAMI.dir/Users/ethan_chou/.pico-sdk/sdk/2.3.0/src/rp2_common/pico_int64_ops/pico_int64_ops_aeabi.S.o
LOAD CMakeFiles/WHOAMI.dir/Users/ethan_chou/.pico-sdk/sdk/2.3.0/src/rp2_common/pico_float/float_aeabi_rp2040.S.o
LOAD CMakeFiles/WHOAMI.dir/Users/ethan_chou/.pico-sdk/sdk/2.3.0/src/rp2_common/pico_float/float_init_rom_rp2040.c.o
LOAD CMakeFiles/WHOAMI.dir/Users/ethan_chou/.pico-sdk/sdk/2.3.0/src/rp2_common/pico_float/float_math.c.o
LOAD CMakeFiles/WHOAMI.dir/Users/ethan_chou/.pico-sdk/sdk/2.3.0/src/rp2_common/pico_float/float_v1_rom_shim_rp2040.S.o
LOAD CMakeFiles/WHOAMI.dir/Users/ethan_chou/.pico-sdk/sdk/2.3.0/src/rp2_common/pico_malloc/malloc.c.o
LOAD CMakeFiles/WHOAMI.dir/Users/ethan_chou/.pico-sdk/sdk/2.3.0/src/rp2_common/pico_mem_ops/mem_ops_aeabi.S.o
LOAD CMakeFiles/WHOAMI.dir/Users/ethan_chou/.pico-sdk/sdk/2.3.0/src/rp2_common/pico_atomic/atomic.c.o
LOAD CMakeFiles/WHOAMI.dir/Users/ethan_chou/.pico-sdk/sdk/2.3.0/src/rp2_common/pico_cxx_options/new_delete.cpp.o
LOAD CMakeFiles/WHOAMI.dir/Users/ethan_chou/.pico-sdk/sdk/2.3.0/src/rp2_common/pico_standard_binary_info/standard_binary_info.c.o
LOAD CMakeFiles/WHOAMI.dir/Users/ethan_chou/.pico-sdk/sdk/2.3.0/src/rp2_common/pico_printf/printf.c.o
LOAD CMakeFiles/WHOAMI.dir/Users/ethan_chou/.pico-sdk/sdk/2.3.0/src/rp2_common/pico_crt0/crt0.S.o
LOAD CMakeFiles/WHOAMI.dir/Users/ethan_chou/.pico-sdk/sdk/2.3.0/src/rp2_common/pico_clib_interface/newlib_interface.c.o
LOAD CMakeFiles/WHOAMI.dir/Users/ethan_chou/.pico-sdk/sdk/2.3.0/src/rp2_common/pico_clib_interface/cxa_guard.c.o
LOAD CMakeFiles/WHOAMI.dir/Users/ethan_chou/.pico-sdk/sdk/2.3.0/src/rp2_common/pico_stdio/stdio.c.o
LOAD CMakeFiles/WHOAMI.dir/Users/ethan_chou/.pico-sdk/sdk/2.3.0/src/rp2_common/pico_stdio_usb/stdio_usb.c.o
LOAD CMakeFiles/WHOAMI.dir/Users/ethan_chou/.pico-sdk/sdk/2.3.0/src/rp2_common/pico_stdio_usb/stdio_usb_descriptors.c.o
LOAD CMakeFiles/WHOAMI.dir/Users/ethan_chou/.pico-sdk/sdk/2.3.0/src/rp2_common/pico_unique_id/unique_id.c.o
LOAD CMakeFiles/WHOAMI.dir/Users/ethan_chou/.pico-sdk/sdk/2.3.0/src/rp2_common/hardware_flash/flash.c.o
LOAD CMakeFiles/WHOAMI.dir/Users/ethan_chou/.pico-sdk/sdk/2.3.0/src/rp2_common/hardware_xip_cache/xip_cache.c.o
LOAD CMakeFiles/WHOAMI.dir/Users/ethan_chou/.pico-sdk/sdk/2.3.0/src/rp2_common/pico_usb_reset/usb_reset.c.o
LOAD CMakeFiles/WHOAMI.dir/Users/ethan_chou/.pico-sdk/sdk/2.3.0/lib/tinyusb/src/portable/raspberrypi/rp2040/dcd_rp2040.c.o
LOAD CMakeFiles/WHOAMI.dir/Users/ethan_chou/.pico-sdk/sdk/2.3.0/lib/tinyusb/src/portable/raspberrypi/rp2040/rp2040_usb.c.o
LOAD CMakeFiles/WHOAMI.dir/Users/ethan_chou/.pico-sdk/sdk/2.3.0/lib/tinyusb/src/device/usbd.c.o
LOAD CMakeFiles/WHOAMI.dir/Users/ethan_chou/.pico-sdk/sdk/2.3.0/lib/tinyusb/src/device/usbd_control.c.o
LOAD CMakeFiles/WHOAMI.dir/Users/ethan_chou/.pico-sdk/sdk/2.3.0/lib/tinyusb/src/class/audio/audio_device.c.o
LOAD CMakeFiles/WHOAMI.dir/Users/ethan_chou/.pico-sdk/sdk/2.3.0/lib/tinyusb/src/class/cdc/cdc_device.c.o
LOAD CMakeFiles/WHOAMI.dir/Users/ethan_chou/.pico-sdk/sdk/2.3.0/lib/tinyusb/src/class/dfu/dfu_device.c.o
LOAD CMakeFiles/WHOAMI.dir/Users/ethan_chou/.pico-sdk/sdk/2.3.0/lib/tinyusb/src/class/dfu/dfu_rt_device.c.o
LOAD CMakeFiles/WHOAMI.dir/Users/ethan_chou/.pico-sdk/sdk/2.3.0/lib/tinyusb/src/class/hid/hid_device.c.o
LOAD CMakeFiles/WHOAMI.dir/Users/ethan_chou/.pico-sdk/sdk/2.3.0/lib/tinyusb/src/class/midi/midi_device.c.o
LOAD CMakeFiles/WHOAMI.dir/Users/ethan_chou/.pico-sdk/sdk/2.3.0/lib/tinyusb/src/class/msc/msc_device.c.o
LOAD CMakeFiles/WHOAMI.dir/Users/ethan_chou/.pico-sdk/sdk/2.3.0/lib/tinyusb/src/class/net/ecm_rndis_device.c.o
LOAD CMakeFiles/WHOAMI.dir/Users/ethan_chou/.pico-sdk/sdk/2.3.0/lib/tinyusb/src/class/net/ncm_device.c.o
LOAD CMakeFiles/WHOAMI.dir/Users/ethan_chou/.pico-sdk/sdk/2.3.0/lib/tinyusb/src/class/usbtmc/usbtmc_device.c.o
LOAD CMakeFiles/WHOAMI.dir/Users/ethan_chou/.pico-sdk/sdk/2.3.0/lib/tinyusb/src/class/vendor/vendor_device.c.o
LOAD CMakeFiles/WHOAMI.dir/Users/ethan_chou/.pico-sdk/sdk/2.3.0/lib/tinyusb/src/class/video/video_device.c.o
LOAD CMakeFiles/WHOAMI.dir/Users/ethan_chou/.pico-sdk/sdk/2.3.0/lib/tinyusb/src/tusb.c.o
LOAD CMakeFiles/WHOAMI.dir/Users/ethan_chou/.pico-sdk/sdk/2.3.0/lib/tinyusb/src/common/tusb_fifo.c.o
LOAD CMakeFiles/WHOAMI.dir/Users/ethan_chou/.pico-sdk/sdk/2.3.0/src/rp2_common/pico_fix/rp2040_usb_device_enumeration/rp2040_usb_device_enumeration.c.o
LOAD CMakeFiles/WHOAMI.dir/Users/ethan_chou/.pico-sdk/sdk/2.3.0/src/rp2_common/pico_thread_local/thread_local.c.o
LOAD CMakeFiles/WHOAMI.dir/Users/ethan_chou/.pico-sdk/sdk/2.3.0/src/rp2_common/hardware_i2c/i2c.c.o
LOAD pico-sdk/src/rp2040/boot_stage2/CMakeFiles/bs2_default_library.dir/./bs2_default_padded_checksummed.S.o
LOAD /Users/ethan_chou/.pico-sdk/toolchain/15_2_Rel1/bin/../lib/gcc/arm-none-eabi/15.2.1/../../../../arm-none-eabi/lib/thumb/v6-m/nofp/libstdc++.a
LOAD /Users/ethan_chou/.pico-sdk/toolchain/15_2_Rel1/bin/../lib/gcc/arm-none-eabi/15.2.1/../../../../arm-none-eabi/lib/thumb/v6-m/nofp/libm.a
START GROUP
LOAD /Users/ethan_chou/.pico-sdk/toolchain/15_2_Rel1/bin/../lib/gcc/arm-none-eabi/15.2.1/thumb/v6-m/nofp/libgcc.a
LOAD /Users/ethan_chou/.pico-sdk/toolchain/15_2_Rel1/bin/../lib/gcc/arm-none-eabi/15.2.1/../../../../arm-none-eabi/lib/thumb/v6-m/nofp/libg.a
LOAD /Users/ethan_chou/.pico-sdk/toolchain/15_2_Rel1/bin/../lib/gcc/arm-none-eabi/15.2.1/../../../../arm-none-eabi/lib/thumb/v6-m/nofp/libc.a
END GROUP
                0x20000000                        PROVIDE (RAM_ORIGIN = RAM_ORIGIN_DEFAULT)
                0x00040000                        PROVIDE (RAM_LENGTH = RAM_LENGTH_DEFAULT)
                0x20040000                        PROVIDE (SCRATCH_X_ORIGIN = SCRATCH_X_ORIGIN_DEFAULT)
                0x00001000                        PROVIDE (SCRATCH_X_LENGTH = SCRATCH_X_LENGTH_DEFAULT)
                0x20041000                        PROVIDE (SCRATCH_Y_ORIGIN = SCRATCH_Y_ORIGIN_DEFAULT)
                0x00001000                        PROVIDE (SCRATCH_Y_LENGTH = SCRATCH_Y_LENGTH_DEFAULT)
                0x15000000                        PROVIDE (XIP_RAM_ORIGIN = XIP_RAM_ORIGIN_DEFAULT)
                0x00004000                        PROVIDE (XIP_RAM_LENGTH = XIP_RAM_LENGTH_DEFAULT)
                0x20000000                        RAM_ORIGIN = DEFINED (RAM_ORIGIN)?RAM_ORIGIN:RAM_ORIGIN_DEFAULT
                0x00040000                        RAM_LENGTH = DEFINED (RAM_LENGTH)?RAM_LENGTH:RAM_LENGTH_DEFAULT
                0x20040000                        SCRATCH_X_ORIGIN = DEFINED (SCRATCH_X_ORIGIN)?SCRATCH_X_ORIGIN:SCRATCH_X_ORIGIN_DEFAULT
                0x00001000                        SCRATCH_X_LENGTH = DEFINED (SCRATCH_X_LENGTH)?SCRATCH_X_LENGTH:SCRATCH_X_LENGTH_DEFAULT
                0x20041000                        SCRATCH_Y_ORIGIN = DEFINED (SCRATCH_Y_ORIGIN)?SCRATCH_Y_ORIGIN:SCRATCH_Y_ORIGIN_DEFAULT
                0x00001000                        SCRATCH_Y_LENGTH = DEFINED (SCRATCH_Y_LENGTH)?SCRATCH_Y_LENGTH:SCRATCH_Y_LENGTH_DEFAULT
                0x15000000                        XIP_RAM_ORIGIN = DEFINED (XIP_RAM_ORIGIN)?XIP_RAM_ORIGIN:XIP_RAM_ORIGIN_DEFAULT
                0x00004000                        XIP_RAM_LENGTH = DEFINED (XIP_RAM_LENGTH)?XIP_RAM_LENGTH:XIP_RAM_LENGTH_DEFAULT

.flash_begin    0x10000000        0x0
                0x10000000                        __flash_binary_start = .

.boot2          0x10000000      0x100
                0x10000000                        __boot2_start__ = .
 *(.boot2)
 .boot2         0x10000000      0x100 pico-sdk/src/rp2040/boot_stage2/CMakeFiles/bs2_default_library.dir/./bs2_default_padded_checksummed.S.o
                0x10000100                        __boot2_end__ = .
                0x00000001                        ASSERT (((__boot2_end__ - __boot2_start__) == 0x100), ERROR: Pico second stage bootloader must be exactly 256 bytes in size for RP2040)

.text           0x10000100     0x63d8
                0x10000100                        __logical_binary_start = .
 *(.vectors)
 .vectors       0x10000100       0xd4 CMakeFiles/WHOAMI.dir/Users/ethan_chou/.pico-sdk/sdk/2.3.0/src/rp2_common/pico_crt0/crt0.S.o
                0x10000100                __VECTOR_TABLE
                0x10000100                __vectors
                0x100001c0                isr_irq13
                0x100001c0                isr_irq27
                0x100001c0                isr_irq31
                0x100001c0                isr_irq5
                0x100001c0                isr_irq11
                0x100001c0                isr_irq23
                0x100001c0                isr_irq18
                0x100001c0                isr_irq9
                0x100001c0                __unhandled_user_irq
                0x100001c0                isr_irq25
                0x100001c0                isr_irq4
                0x100001c0                isr_irq16
                0x100001c0                isr_irq29
                0x100001c0                isr_irq26
                0x100001c0                isr_irq3
                0x100001c0                isr_irq12
                0x100001c0                isr_irq30
                0x100001c0                isr_irq28
                0x100001c0                isr_irq19
                0x100001c0                isr_irq0
                0x100001c0                isr_irq6
                0x100001c0                isr_irq22
                0x100001c0                isr_irq17
                0x100001c0                isr_irq14
                0x100001c0                __vectors_end
                0x100001c0                __default_isrs_start
                0x100001c0                isr_irq2
                0x100001c0                isr_irq10
                0x100001c0                isr_irq8
                0x100001c0                isr_irq24
                0x100001c0                isr_irq1
                0x100001c0                isr_irq7
                0x100001c0                isr_irq21
                0x100001c0                isr_irq20
                0x100001c0                isr_irq15
                0x100001c6                unhandled_user_irq_num_in_r0
                0x100001c8                isr_invalid
                0x100001ca                isr_nmi
                0x100001cc                isr_hardfault
                0x100001ce                isr_svcall
                0x100001d0                isr_pendsv
                0x100001d2                isr_systick
                0x100001d4                __default_isrs_end
 *(.binary_info_header)
 .binary_info_header
                0x100001d4       0x14 CMakeFiles/WHOAMI.dir/Users/ethan_chou/.pico-sdk/sdk/2.3.0/src/rp2_common/pico_crt0/crt0.S.o
                0x100001e8                        __binary_info_header_end = .
 *(.embedded_block)
                0x100001e8                        __embedded_block_end = .
 *(.reset)
 .reset         0x100001e8       0x98 CMakeFiles/WHOAMI.dir/Users/ethan_chou/.pico-sdk/sdk/2.3.0/src/rp2_common/pico_crt0/crt0.S.o
                0x100001e8                _entry_point
 *(.init)
 *libgcc.a:cmse_nonsecure_call.o()
 *(EXCLUDE_FILE(*libm.a: *lib*_a-mem*.o *libc.a: *libgcc.a:) .text*)
 .text.main     0x10000280      0x184 CMakeFiles/WHOAMI.dir/main.c.o
                0x10000280                main
 .text.gpio_set_function
                0x10000404       0x34 CMakeFiles/WHOAMI.dir/Users/ethan_chou/.pico-sdk/sdk/2.3.0/src/rp2_common/hardware_gpio/gpio.c.o
                0x10000404                gpio_set_function
 .text.gpio_set_pulls
                0x10000438       0x34 CMakeFiles/WHOAMI.dir/Users/ethan_chou/.pico-sdk/sdk/2.3.0/src/rp2_common/hardware_gpio/gpio.c.o
                0x10000438                gpio_set_pulls
 .text.rp2040_chip_version
                0x1000046c       0x54 CMakeFiles/WHOAMI.dir/Users/ethan_chou/.pico-sdk/sdk/2.3.0/src/rp2040/pico_platform/platform.c.o
                0x1000046c                rp2040_chip_version
 .text.panic    0x100004c0       0x30 CMakeFiles/WHOAMI.dir/Users/ethan_chou/.pico-sdk/sdk/2.3.0/src/rp2_common/pico_platform_panic/panic.c.o
                0x100004c0                panic
 .text.hw_claim_lock
                0x100004f0       0x18 CMakeFiles/WHOAMI.dir/Users/ethan_chou/.pico-sdk/sdk/2.3.0/src/common/hardware_claim/claim.c.o
                0x100004f0                hw_claim_lock
 .text.hw_claim_unlock
                0x10000508       0x14 CMakeFiles/WHOAMI.dir/Users/ethan_chou/.pico-sdk/sdk/2.3.0/src/common/hardware_claim/claim.c.o
                0x10000508                hw_claim_unlock
 .text.hw_claim_or_assert
                0x1000051c       0x36 CMakeFiles/WHOAMI.dir/Users/ethan_chou/.pico-sdk/sdk/2.3.0/src/common/hardware_claim/claim.c.o
                0x1000051c                hw_claim_or_assert
 .text.hw_claim_unused_from_range
                0x10000552       0x50 CMakeFiles/WHOAMI.dir/Users/ethan_chou/.pico-sdk/sdk/2.3.0/src/common/hardware_claim/claim.c.o
                0x10000552                hw_claim_unused_from_range
 *fill*         0x100005a2        0x2 
 .text.next_striped_spin_lock_num
                0x100005a4       0x1c CMakeFiles/WHOAMI.dir/Users/ethan_chou/.pico-sdk/sdk/2.3.0/src/rp2_common/hardware_sync/sync.c.o
                0x100005a4                next_striped_spin_lock_num
 .text.spin_lock_claim_unused
                0x100005c0       0x20 CMakeFiles/WHOAMI.dir/Users/ethan_chou/.pico-sdk/sdk/2.3.0/src/rp2_common/hardware_sync/sync.c.o
                0x100005c0                spin_lock_claim_unused
 .text.spin_locks_reset
                0x100005e0       0x20 CMakeFiles/WHOAMI.dir/Users/ethan_chou/.pico-sdk/sdk/2.3.0/src/rp2_common/hardware_sync_spin_lock/sync_spin_lock.c.o
                0x100005e0                spin_locks_reset
 .text.set_raw_irq_handler_and_unlock
                0x10000600       0x28 CMakeFiles/WHOAMI.dir/Users/ethan_chou/.pico-sdk/sdk/2.3.0/src/rp2_common/hardware_irq/irq.c.o
 .text.nvic_ipr0
                0x10000628        0x8 CMakeFiles/WHOAMI.dir/Users/ethan_chou/.pico-sdk/sdk/2.3.0/src/rp2_common/hardware_irq/irq.c.o
 .text.runtime_init_per_core_irq_priorities
                0x10000630       0x1c CMakeFiles/WHOAMI.dir/Users/ethan_chou/.pico-sdk/sdk/2.3.0/src/rp2_common/hardware_irq/irq.c.o
                0x10000630                runtime_init_per_core_irq_priorities
 .text.resolve_j_16
                0x1000064c       0x30 CMakeFiles/WHOAMI.dir/Users/ethan_chou/.pico-sdk/sdk/2.3.0/src/rp2_common/hardware_irq/irq.c.o
 .text.make_j_16
                0x1000067c       0x48 CMakeFiles/WHOAMI.dir/Users/ethan_chou/.pico-sdk/sdk/2.3.0/src/rp2_common/hardware_irq/irq.c.o
 .text.irq_is_enabled
                0x100006c4       0x18 CMakeFiles/WHOAMI.dir/Users/ethan_chou/.pico-sdk/sdk/2.3.0/src/rp2_common/hardware_irq/irq.c.o
                0x100006c4                irq_is_enabled
 .text.irq_set_mask_n_enabled
                0x100006dc       0x1c CMakeFiles/WHOAMI.dir/Users/ethan_chou/.pico-sdk/sdk/2.3.0/src/rp2_common/hardware_irq/irq.c.o
                0x100006dc                irq_set_mask_n_enabled
 .text.irq_set_enabled
                0x100006f8       0x14 CMakeFiles/WHOAMI.dir/Users/ethan_chou/.pico-sdk/sdk/2.3.0/src/rp2_common/hardware_irq/irq.c.o
                0x100006f8                irq_set_enabled
 .text.irq_set_pending
                0x1000070c       0x10 CMakeFiles/WHOAMI.dir/Users/ethan_chou/.pico-sdk/sdk/2.3.0/src/rp2_common/hardware_irq/irq.c.o
                0x1000070c                irq_set_pending
 .text.irq_get_vtable_handler
                0x1000071c       0x10 CMakeFiles/WHOAMI.dir/Users/ethan_chou/.pico-sdk/sdk/2.3.0/src/rp2_common/hardware_irq/irq.c.o
                0x1000071c                irq_get_vtable_handler
 .text.irq_has_shared_handler
                0x1000072c       0x1c CMakeFiles/WHOAMI.dir/Users/ethan_chou/.pico-sdk/sdk/2.3.0/src/rp2_common/hardware_irq/irq.c.o
                0x1000072c                irq_has_shared_handler
 .text.irq_set_exclusive_handler
                0x10000748       0x58 CMakeFiles/WHOAMI.dir/Users/ethan_chou/.pico-sdk/sdk/2.3.0/src/rp2_common/hardware_irq/irq.c.o
                0x10000748                irq_set_exclusive_handler
 .text.irq_add_shared_handler
                0x100007a0      0x218 CMakeFiles/WHOAMI.dir/Users/ethan_chou/.pico-sdk/sdk/2.3.0/src/rp2_common/hardware_irq/irq.c.o
                0x100007a0                irq_add_shared_handler
 .text.irq_add_tail_to_free_list
                0x100009b8       0xf8 CMakeFiles/WHOAMI.dir/Users/ethan_chou/.pico-sdk/sdk/2.3.0/src/rp2_common/hardware_irq/irq.c.o
                0x100009b8                irq_add_tail_to_free_list
 .text.user_irq_claim_unused
                0x10000ab0       0x28 CMakeFiles/WHOAMI.dir/Users/ethan_chou/.pico-sdk/sdk/2.3.0/src/rp2_common/hardware_irq/irq.c.o
                0x10000ab0                user_irq_claim_unused
 .text.lock_init
                0x10000ad8       0x10 CMakeFiles/WHOAMI.dir/Users/ethan_chou/.pico-sdk/sdk/2.3.0/src/common/pico_sync/lock_core.c.o
                0x10000ad8                lock_init
 .text.mutex_init
                0x10000ae8       0x1a CMakeFiles/WHOAMI.dir/Users/ethan_chou/.pico-sdk/sdk/2.3.0/src/common/pico_sync/mutex.c.o
                0x10000ae8                mutex_init
 .text.recursive_mutex_init
                0x10000b02       0x1e CMakeFiles/WHOAMI.dir/Users/ethan_chou/.pico-sdk/sdk/2.3.0/src/common/pico_sync/mutex.c.o
                0x10000b02                recursive_mutex_init
 .text.runtime_init_mutex
                0x10000b20       0x4c CMakeFiles/WHOAMI.dir/Users/ethan_chou/.pico-sdk/sdk/2.3.0/src/common/pico_sync/mutex.c.o
                0x10000b20                runtime_init_mutex
 .text.critical_section_init_with_lock_num
                0x10000b6c       0x14 CMakeFiles/WHOAMI.dir/Users/ethan_chou/.pico-sdk/sdk/2.3.0/src/common/pico_sync/critical_section.c.o
                0x10000b6c                critical_section_init_with_lock_num
 .text.critical_section_init
                0x10000b80       0x14 CMakeFiles/WHOAMI.dir/Users/ethan_chou/.pico-sdk/sdk/2.3.0/src/common/pico_sync/critical_section.c.o
                0x10000b80                critical_section_init
 .text.ta_set_timeout
                0x10000b94       0x28 CMakeFiles/WHOAMI.dir/Users/ethan_chou/.pico-sdk/sdk/2.3.0/src/common/pico_time/time.c.o
 .text.make_alarm_id
                0x10000bbc        0x6 CMakeFiles/WHOAMI.dir/Users/ethan_chou/.pico-sdk/sdk/2.3.0/src/common/pico_time/time.c.o
 *fill*         0x10000bc2        0x2 
 .text.sleep_until_callback
                0x10000bc4       0x30 CMakeFiles/WHOAMI.dir/Users/ethan_chou/.pico-sdk/sdk/2.3.0/src/common/pico_time/time.c.o
 .text.alarm_pool_irq_handler
                0x10000bf4      0x2f4 CMakeFiles/WHOAMI.dir/Users/ethan_chou/.pico-sdk/sdk/2.3.0/src/common/pico_time/time.c.o
 .text.ta_enable_irq_handler
                0x10000ee8       0x2c CMakeFiles/WHOAMI.dir/Users/ethan_chou/.pico-sdk/sdk/2.3.0/src/common/pico_time/time.c.o
 .text.alarm_pool_post_alloc_init
                0x10000f14       0x68 CMakeFiles/WHOAMI.dir/Users/ethan_chou/.pico-sdk/sdk/2.3.0/src/common/pico_time/time.c.o
 .text.alarm_pool_get_default
                0x10000f7c       0x2c CMakeFiles/WHOAMI.dir/Users/ethan_chou/.pico-sdk/sdk/2.3.0/src/common/pico_time/time.c.o
                0x10000f7c                alarm_pool_get_default
 .text.alarm_pool_add_alarm_at_force_in_context
                0x10000fa8       0xa4 CMakeFiles/WHOAMI.dir/Users/ethan_chou/.pico-sdk/sdk/2.3.0/src/common/pico_time/time.c.o
                0x10000fa8                alarm_pool_add_alarm_at_force_in_context
 .text.alarm_pool_add_alarm_at
                0x1000104c       0x3c CMakeFiles/WHOAMI.dir/Users/ethan_chou/.pico-sdk/sdk/2.3.0/src/common/pico_time/time.c.o
                0x1000104c                alarm_pool_add_alarm_at
 .text.add_alarm_at
                0x10001088       0x2e CMakeFiles/WHOAMI.dir/Users/ethan_chou/.pico-sdk/sdk/2.3.0/src/common/pico_time/time.c.o
 *fill*         0x100010b6        0x2 
 .text.alarm_pool_cancel_alarm
                0x100010b8       0x7c CMakeFiles/WHOAMI.dir/Users/ethan_chou/.pico-sdk/sdk/2.3.0/src/common/pico_time/time.c.o
                0x100010b8                alarm_pool_cancel_alarm
 .text.cancel_alarm
                0x10001134       0x10 CMakeFiles/WHOAMI.dir/Users/ethan_chou/.pico-sdk/sdk/2.3.0/src/common/pico_time/time.c.o
 .text.alarm_pool_core_num
                0x10001144        0x4 CMakeFiles/WHOAMI.dir/Users/ethan_chou/.pico-sdk/sdk/2.3.0/src/common/pico_time/time.c.o
                0x10001144                alarm_pool_core_num
 .text.sleep_until
                0x10001148       0xb0 CMakeFiles/WHOAMI.dir/Users/ethan_chou/.pico-sdk/sdk/2.3.0/src/common/pico_time/time.c.o
                0x10001148                sleep_until
 .text.sleep_us
                0x100011f8       0x2c CMakeFiles/WHOAMI.dir/Users/ethan_chou/.pico-sdk/sdk/2.3.0/src/common/pico_time/time.c.o
                0x100011f8                sleep_us
 .text.sleep_ms
                0x10001224       0x14 CMakeFiles/WHOAMI.dir/Users/ethan_chou/.pico-sdk/sdk/2.3.0/src/common/pico_time/time.c.o
                0x10001224                sleep_ms
 .text.best_effort_wfe_or_timeout
                0x10001238      0x140 CMakeFiles/WHOAMI.dir/Users/ethan_chou/.pico-sdk/sdk/2.3.0/src/common/pico_time/time.c.o
                0x10001238                best_effort_wfe_or_timeout
 .text.alarm_pool_get_default_timer
                0x10001378        0x8 CMakeFiles/WHOAMI.dir/Users/ethan_chou/.pico-sdk/sdk/2.3.0/src/common/pico_time/time.c.o
                0x10001378                alarm_pool_get_default_timer
 .text.runtime_init_default_alarm_pool
                0x10001380       0x38 CMakeFiles/WHOAMI.dir/Users/ethan_chou/.pico-sdk/sdk/2.3.0/src/common/pico_time/time.c.o
                0x10001380                runtime_init_default_alarm_pool
 .text.timer_hardware_alarm_claim
                0x100013b8       0x14 CMakeFiles/WHOAMI.dir/Users/ethan_chou/.pico-sdk/sdk/2.3.0/src/rp2_common/hardware_timer/timer.c.o
                0x100013b8                timer_hardware_alarm_claim
 .text.timer_time_us_64
                0x100013cc       0x10 CMakeFiles/WHOAMI.dir/Users/ethan_chou/.pico-sdk/sdk/2.3.0/src/rp2_common/hardware_timer/timer.c.o
                0x100013cc                timer_time_us_64
 .text.timer_busy_wait_until
                0x100013dc       0x1a CMakeFiles/WHOAMI.dir/Users/ethan_chou/.pico-sdk/sdk/2.3.0/src/rp2_common/hardware_timer/timer.c.o
                0x100013dc                timer_busy_wait_until
 *fill*         0x100013f6        0x2 
 .text.time_us_64
                0x100013f8       0x10 CMakeFiles/WHOAMI.dir/Users/ethan_chou/.pico-sdk/sdk/2.3.0/src/rp2_common/hardware_timer/timer.c.o
                0x100013f8                time_us_64
 .text.busy_wait_until
                0x10001408       0x14 CMakeFiles/WHOAMI.dir/Users/ethan_chou/.pico-sdk/sdk/2.3.0/src/rp2_common/hardware_timer/timer.c.o
                0x10001408                busy_wait_until
 .text.clock_configure_internal
                0x1000141c       0xc0 CMakeFiles/WHOAMI.dir/Users/ethan_chou/.pico-sdk/sdk/2.3.0/src/rp2_common/hardware_clocks/clocks.c.o
 .text.clock_configure_int_divider
                0x100014dc       0x28 CMakeFiles/WHOAMI.dir/Users/ethan_chou/.pico-sdk/sdk/2.3.0/src/rp2_common/hardware_clocks/clocks.c.o
                0x100014dc                clock_configure_int_divider
 .text.clock_configure_undivided
                0x10001504       0x12 CMakeFiles/WHOAMI.dir/Users/ethan_chou/.pico-sdk/sdk/2.3.0/src/rp2_common/hardware_clocks/clocks.c.o
                0x10001504                clock_configure_undivided
 *fill*         0x10001516        0x2 
 .text.clock_get_hz
                0x10001518        0xc CMakeFiles/WHOAMI.dir/Users/ethan_chou/.pico-sdk/sdk/2.3.0/src/rp2_common/hardware_clocks/clocks.c.o
                0x10001518                clock_get_hz
 .text.pll_init
                0x10001524      0x124 CMakeFiles/WHOAMI.dir/Users/ethan_chou/.pico-sdk/sdk/2.3.0/src/rp2_common/hardware_pll/pll.c.o
                0x10001524                pll_init
 .text.watchdog_update
                0x10001648       0x14 CMakeFiles/WHOAMI.dir/Users/ethan_chou/.pico-sdk/sdk/2.3.0/src/rp2_common/hardware_watchdog/watchdog.c.o
                0x10001648                watchdog_update
 .text._watchdog_enable
                0x1000165c       0x78 CMakeFiles/WHOAMI.dir/Users/ethan_chou/.pico-sdk/sdk/2.3.0/src/rp2_common/hardware_watchdog/watchdog.c.o
                0x1000165c                _watchdog_enable
 .text.watchdog_reboot
                0x100016d4       0x48 CMakeFiles/WHOAMI.dir/Users/ethan_chou/.pico-sdk/sdk/2.3.0/src/rp2_common/hardware_watchdog/watchdog.c.o
                0x100016d4                watchdog_reboot
 .text.tick_start
                0x1000171c       0x10 CMakeFiles/WHOAMI.dir/Users/ethan_chou/.pico-sdk/sdk/2.3.0/src/rp2_common/hardware_ticks/ticks.c.o
                0x1000171c                tick_start
 .text.rom_func_lookup
                0x1000172c       0x10 CMakeFiles/WHOAMI.dir/Users/ethan_chou/.pico-sdk/sdk/2.3.0/src/rp2_common/pico_bootrom/bootrom.c.o
                0x1000172c                rom_func_lookup
 .text.rom_data_lookup
                0x1000173c       0x10 CMakeFiles/WHOAMI.dir/Users/ethan_chou/.pico-sdk/sdk/2.3.0/src/rp2_common/pico_bootrom/bootrom.c.o
                0x1000173c                rom_data_lookup
 .text.rom_funcs_lookup
                0x1000174c       0x36 CMakeFiles/WHOAMI.dir/Users/ethan_chou/.pico-sdk/sdk/2.3.0/src/rp2_common/pico_bootrom/bootrom.c.o
                0x1000174c                rom_funcs_lookup
 *fill*         0x10001782        0x2 
 .text.rom_reset_usb_boot_extra
                0x10001784       0x24 CMakeFiles/WHOAMI.dir/Users/ethan_chou/.pico-sdk/sdk/2.3.0/src/rp2_common/pico_bootrom/bootrom.c.o
                0x10001784                rom_reset_usb_boot_extra
 .text.xosc_init
                0x100017a8       0x2c CMakeFiles/WHOAMI.dir/Users/ethan_chou/.pico-sdk/sdk/2.3.0/src/rp2_common/hardware_xosc/xosc.c.o
                0x100017a8                xosc_init
 .text.runtime_run_initializers_from
                0x100017d4       0x18 CMakeFiles/WHOAMI.dir/Users/ethan_chou/.pico-sdk/sdk/2.3.0/src/rp2_common/pico_runtime/runtime.c.o
 .text.first_per_core_initializer
                0x100017ec        0x2 CMakeFiles/WHOAMI.dir/Users/ethan_chou/.pico-sdk/sdk/2.3.0/src/rp2_common/pico_runtime/runtime.c.o
 *fill*         0x100017ee        0x2 
 .text.runtime_run_initializers
                0x100017f0       0x10 CMakeFiles/WHOAMI.dir/Users/ethan_chou/.pico-sdk/sdk/2.3.0/src/rp2_common/pico_runtime/runtime.c.o
                0x100017f0                runtime_run_initializers
 .text.runtime_init_early_resets
                0x10001800       0x2c CMakeFiles/WHOAMI.dir/Users/ethan_chou/.pico-sdk/sdk/2.3.0/src/rp2_common/pico_runtime_init/runtime_init.c.o
                0x10001800                runtime_init_early_resets
 .text.runtime_init_usb_power_down
                0x1000182c       0x1c CMakeFiles/WHOAMI.dir/Users/ethan_chou/.pico-sdk/sdk/2.3.0/src/rp2_common/pico_runtime_init/runtime_init.c.o
                0x1000182c                runtime_init_usb_power_down
 .text.runtime_init_post_clock_resets
                0x10001848       0x20 CMakeFiles/WHOAMI.dir/Users/ethan_chou/.pico-sdk/sdk/2.3.0/src/rp2_common/pico_runtime_init/runtime_init.c.o
                0x10001848                runtime_init_post_clock_resets
 .text.runtime_init_rp2040_gpio_ie_disable
                0x10001868       0x14 CMakeFiles/WHOAMI.dir/Users/ethan_chou/.pico-sdk/sdk/2.3.0/src/rp2_common/pico_runtime_init/runtime_init.c.o
                0x10001868                runtime_init_rp2040_gpio_ie_disable
 .text.runtime_init_spin_locks_reset
                0x1000187c        0x8 CMakeFiles/WHOAMI.dir/Users/ethan_chou/.pico-sdk/sdk/2.3.0/src/rp2_common/pico_runtime_init/runtime_init.c.o
                0x1000187c                runtime_init_spin_locks_reset
 .text.runtime_init_install_ram_vector_table
                0x10001884       0x48 CMakeFiles/WHOAMI.dir/Users/ethan_chou/.pico-sdk/sdk/2.3.0/src/rp2_common/pico_runtime_init/runtime_init.c.o
                0x10001884                runtime_init_install_ram_vector_table
 .text.start_all_ticks
                0x100018cc       0x28 CMakeFiles/WHOAMI.dir/Users/ethan_chou/.pico-sdk/sdk/2.3.0/src/rp2_common/pico_runtime_init/runtime_init_clocks.c.o
 .text.runtime_init_clocks
                0x100018f4       0xcc CMakeFiles/WHOAMI.dir/Users/ethan_chou/.pico-sdk/sdk/2.3.0/src/rp2_common/pico_runtime_init/runtime_init_clocks.c.o
                0x100018f4                runtime_init_clocks
 .text          0x100019c0       0x10 CMakeFiles/WHOAMI.dir/Users/ethan_chou/.pico-sdk/sdk/2.3.0/src/rp2_common/pico_bit_ops/bit_ops_aeabi.S.o
 .text.__wrap___aeabi_idiv
                0x100019d0       0x50 CMakeFiles/WHOAMI.dir/Users/ethan_chou/.pico-sdk/sdk/2.3.0/src/rp2_common/pico_divider/divider_hardware.S.o
                0x100019d0                __wrap___aeabi_idivmod
                0x100019d0                divmod_s32s32
                0x100019d0                div_s32s32
                0x100019d0                __wrap___aeabi_idiv
                0x10001a04                divmod_s32s32_savestate
 .text.__wrap___aeabi_uidiv
                0x10001a20       0x4c CMakeFiles/WHOAMI.dir/Users/ethan_chou/.pico-sdk/sdk/2.3.0/src/rp2_common/pico_divider/divider_hardware.S.o
                0x10001a20                __wrap___aeabi_uidiv
                0x10001a20                __wrap___aeabi_uidivmod
                0x10001a20                div_u32u32
                0x10001a20                divmod_u32u32
                0x10001a50                divmod_u32u32_savestate
 .text.__wrap___aeabi_ldiv
                0x10001a6c      0x424 CMakeFiles/WHOAMI.dir/Users/ethan_chou/.pico-sdk/sdk/2.3.0/src/rp2_common/pico_divider/divider_hardware.S.o
                0x10001a6c                __wrap___aeabi_ldivmod
                0x10001a6c                div_s64s64
                0x10001a6c                divmod_s64s64
                0x10001a9c                divmod_u64u64
                0x10001a9c                div_u64u64
                0x10001a9c                __wrap___aeabi_uldivmod
                0x10001aac                divmod_u64u64_savestate
                0x10001acc                divmod_s64s64_unsafe
                0x10001b54                divmod_u64u64_unsafe
 .text.__wrap___aeabi_darithmetic
                0x10001e90       0x60 CMakeFiles/WHOAMI.dir/Users/ethan_chou/.pico-sdk/sdk/2.3.0/src/rp2_common/pico_double/double_aeabi_rp2040.S.o
                0x10001e90                __wrap___aeabi_drsub
                0x10001e96                __wrap___aeabi_dsub
                0x10001ea0                __wrap___aeabi_dadd
                0x10001eaa                __wrap___aeabi_ddiv
                0x10001ede                __wrap___aeabi_dmul
 .text.__wrap___aeabi_cdcmple
                0x10001ef0       0x6c CMakeFiles/WHOAMI.dir/Users/ethan_chou/.pico-sdk/sdk/2.3.0/src/rp2_common/pico_double/double_aeabi_rp2040.S.o
                0x10001ef0                __wrap___aeabi_cdrcmple
                0x10001f00                __wrap___aeabi_cdcmple
                0x10001f00                __wrap___aeabi_cdcmpeq
 .text.__wrap___aeabi_dcmplt
                0x10001f5c        0xc CMakeFiles/WHOAMI.dir/Users/ethan_chou/.pico-sdk/sdk/2.3.0/src/rp2_common/pico_double/double_aeabi_rp2040.S.o
                0x10001f5c                __wrap___aeabi_dcmplt
 .text.__wrap___aeabi_dcmple
                0x10001f68       0x10 CMakeFiles/WHOAMI.dir/Users/ethan_chou/.pico-sdk/sdk/2.3.0/src/rp2_common/pico_double/double_aeabi_rp2040.S.o
                0x10001f68                __wrap___aeabi_dcmple
 .text.__wrap___aeabi_dcmpge
                0x10001f78       0x10 CMakeFiles/WHOAMI.dir/Users/ethan_chou/.pico-sdk/sdk/2.3.0/src/rp2_common/pico_double/double_aeabi_rp2040.S.o
                0x10001f78                __wrap___aeabi_dcmpge
 .text.__wrap___aeabi_dcmpgt
                0x10001f88        0xa CMakeFiles/WHOAMI.dir/Users/ethan_chou/.pico-sdk/sdk/2.3.0/src/rp2_common/pico_double/double_aeabi_rp2040.S.o
                0x10001f88                __wrap___aeabi_dcmpgt
 .text.__wrap___aeabi_dcmpun
                0x10001f92       0x18 CMakeFiles/WHOAMI.dir/Users/ethan_chou/.pico-sdk/sdk/2.3.0/src/rp2_common/pico_double/double_aeabi_rp2040.S.o
                0x10001f92                __wrap___aeabi_dcmpun
 *fill*         0x10001faa        0x2 
 .text.__wrap___aeabi_i2d
                0x10001fac       0x38 CMakeFiles/WHOAMI.dir/Users/ethan_chou/.pico-sdk/sdk/2.3.0/src/rp2_common/pico_double/double_aeabi_rp2040.S.o
                0x10001fac                __wrap___aeabi_ui2d
                0x10001fac                uint2double
                0x10001fb4                __wrap___aeabi_i2d
                0x10001fb4                int2double
 .text.__wrap___aeabi_d2iz
                0x10001fe4       0x48 CMakeFiles/WHOAMI.dir/Users/ethan_chou/.pico-sdk/sdk/2.3.0/src/rp2_common/pico_double/double_aeabi_rp2040.S.o
                0x10001fe4                __wrap___aeabi_d2iz
                0x10001fe4                double2int_z
 .text.__wrap___aeabi_d2uiz
                0x1000202c       0x10 CMakeFiles/WHOAMI.dir/Users/ethan_chou/.pico-sdk/sdk/2.3.0/src/rp2_common/pico_double/double_aeabi_rp2040.S.o
                0x1000202c                double2uint_z
                0x1000202c                double2uint
                0x1000202c                __wrap___aeabi_d2uiz
 .text.__wrap___aeabi_d2f
                0x1000203c       0x10 CMakeFiles/WHOAMI.dir/Users/ethan_chou/.pico-sdk/sdk/2.3.0/src/rp2_common/pico_double/double_aeabi_rp2040.S.o
                0x1000203c                __wrap___aeabi_d2f
 .text.missing_double_func_shim
                0x1000204c        0xc CMakeFiles/WHOAMI.dir/Users/ethan_chou/.pico-sdk/sdk/2.3.0/src/rp2_common/pico_double/double_init_rom_rp2040.c.o
 .text.__aeabi_double_init
                0x10002058       0xd0 CMakeFiles/WHOAMI.dir/Users/ethan_chou/.pico-sdk/sdk/2.3.0/src/rp2_common/pico_double/double_init_rom_rp2040.c.o
                0x10002058                __aeabi_double_init
 .text.double_table_shim_on_use_helper
                0x10002128       0x34 CMakeFiles/WHOAMI.dir/Users/ethan_chou/.pico-sdk/sdk/2.3.0/src/rp2_common/pico_double/double_v1_rom_shim_rp2040.S.o
                0x10002128                double_table_shim_on_use_helper
 .text.__aeabi_lmul
                0x1000215c       0x32 CMakeFiles/WHOAMI.dir/Users/ethan_chou/.pico-sdk/sdk/2.3.0/src/rp2_common/pico_int64_ops/pico_int64_ops_aeabi.S.o
                0x1000215c                __wrap___aeabi_lmul
 *fill*         0x1000218e        0x2 
 .text.__wrap___aeabi_f2d
                0x10002190        0xc CMakeFiles/WHOAMI.dir/Users/ethan_chou/.pico-sdk/sdk/2.3.0/src/rp2_common/pico_float/float_aeabi_rp2040.S.o
                0x10002190                __wrap___aeabi_f2d
 .text.missing_float_func_shim
                0x1000219c        0xc CMakeFiles/WHOAMI.dir/Users/ethan_chou/.pico-sdk/sdk/2.3.0/src/rp2_common/pico_float/float_init_rom_rp2040.c.o
 .text.__aeabi_float_init
                0x100021a8       0x8c CMakeFiles/WHOAMI.dir/Users/ethan_chou/.pico-sdk/sdk/2.3.0/src/rp2_common/pico_float/float_init_rom_rp2040.c.o
                0x100021a8                __aeabi_float_init
 .text          0x10002234       0x10 CMakeFiles/WHOAMI.dir/Users/ethan_chou/.pico-sdk/sdk/2.3.0/src/rp2_common/pico_mem_ops/mem_ops_aeabi.S.o
                0x10002234                __aeabi_mem_init
 .text.memset   0x10002244        0xc CMakeFiles/WHOAMI.dir/Users/ethan_chou/.pico-sdk/sdk/2.3.0/src/rp2_common/pico_mem_ops/mem_ops_aeabi.S.o
                0x10002244                __wrap_memset
 .text.memcpy   0x10002250        0xc CMakeFiles/WHOAMI.dir/Users/ethan_chou/.pico-sdk/sdk/2.3.0/src/rp2_common/pico_mem_ops/mem_ops_aeabi.S.o
                0x10002250                __wrap___aeabi_memcpy
                0x10002250                __wrap_memcpy
 .text._out_null
                0x1000225c        0x2 CMakeFiles/WHOAMI.dir/Users/ethan_chou/.pico-sdk/sdk/2.3.0/src/rp2_common/pico_printf/printf.c.o
 .text._out_fct
                0x1000225e        0xe CMakeFiles/WHOAMI.dir/Users/ethan_chou/.pico-sdk/sdk/2.3.0/src/rp2_common/pico_printf/printf.c.o
 .text._atoi    0x1000226c       0x24 CMakeFiles/WHOAMI.dir/Users/ethan_chou/.pico-sdk/sdk/2.3.0/src/rp2_common/pico_printf/printf.c.o
 .text._out_rev
                0x10002290       0xba CMakeFiles/WHOAMI.dir/Users/ethan_chou/.pico-sdk/sdk/2.3.0/src/rp2_common/pico_printf/printf.c.o
 .text._ntoa_format
                0x1000234a      0x116 CMakeFiles/WHOAMI.dir/Users/ethan_chou/.pico-sdk/sdk/2.3.0/src/rp2_common/pico_printf/printf.c.o
 .text._ntoa_long
                0x10002460       0xb8 CMakeFiles/WHOAMI.dir/Users/ethan_chou/.pico-sdk/sdk/2.3.0/src/rp2_common/pico_printf/printf.c.o
 .text._ntoa_long_long
                0x10002518       0xf8 CMakeFiles/WHOAMI.dir/Users/ethan_chou/.pico-sdk/sdk/2.3.0/src/rp2_common/pico_printf/printf.c.o
 .text._etoa    0x10002610      0x448 CMakeFiles/WHOAMI.dir/Users/ethan_chou/.pico-sdk/sdk/2.3.0/src/rp2_common/pico_printf/printf.c.o
 .text._ftoa    0x10002a58      0x340 CMakeFiles/WHOAMI.dir/Users/ethan_chou/.pico-sdk/sdk/2.3.0/src/rp2_common/pico_printf/printf.c.o
 .text._vsnprintf
                0x10002d98      0x684 CMakeFiles/WHOAMI.dir/Users/ethan_chou/.pico-sdk/sdk/2.3.0/src/rp2_common/pico_printf/printf.c.o
 .text.vfctprintf
                0x1000341c       0x28 CMakeFiles/WHOAMI.dir/Users/ethan_chou/.pico-sdk/sdk/2.3.0/src/rp2_common/pico_printf/printf.c.o
                0x1000341c                vfctprintf
 .text._exit    0x10003444        0x4 CMakeFiles/WHOAMI.dir/Users/ethan_chou/.pico-sdk/sdk/2.3.0/src/rp2_common/pico_clib_interface/newlib_interface.c.o
                0x10003444                _exit
 .text._fini    0x10003448        0x2 CMakeFiles/WHOAMI.dir/Users/ethan_chou/.pico-sdk/sdk/2.3.0/src/rp2_common/pico_clib_interface/newlib_interface.c.o
                0x10003448                _fini
 .text.exit     0x1000344a        0x6 CMakeFiles/WHOAMI.dir/Users/ethan_chou/.pico-sdk/sdk/2.3.0/src/rp2_common/pico_clib_interface/newlib_interface.c.o
                0x1000344a                exit
 .text.__assert_func
                0x10003450       0x38 CMakeFiles/WHOAMI.dir/Users/ethan_chou/.pico-sdk/sdk/2.3.0/src/rp2_common/pico_clib_interface/newlib_interface.c.o
                0x10003450                __assert_func
 .text.runtime_init
                0x10003488       0x28 CMakeFiles/WHOAMI.dir/Users/ethan_chou/.pico-sdk/sdk/2.3.0/src/rp2_common/pico_clib_interface/newlib_interface.c.o
                0x10003488                runtime_init
 .text.stdio_out_chars_no_crlf
                0x100034b0        0xe CMakeFiles/WHOAMI.dir/Users/ethan_chou/.pico-sdk/sdk/2.3.0/src/rp2_common/pico_stdio/stdio.c.o
 *fill*         0x100034be        0x2 
 .text.stdio_out_chars_crlf
                0x100034c0       0x7c CMakeFiles/WHOAMI.dir/Users/ethan_chou/.pico-sdk/sdk/2.3.0/src/rp2_common/pico_stdio/stdio.c.o
 .text.stdio_stack_buffer_flush
                0x1000353c       0x44 CMakeFiles/WHOAMI.dir/Users/ethan_chou/.pico-sdk/sdk/2.3.0/src/rp2_common/pico_stdio/stdio.c.o
 .text.stdio_buffered_printer
                0x10003580       0x1a CMakeFiles/WHOAMI.dir/Users/ethan_chou/.pico-sdk/sdk/2.3.0/src/rp2_common/pico_stdio/stdio.c.o
 *fill*         0x1000359a        0x2 
 .text.stdout_serialize_begin
                0x1000359c       0x30 CMakeFiles/WHOAMI.dir/Users/ethan_chou/.pico-sdk/sdk/2.3.0/src/rp2_common/pico_stdio/stdio.c.o
                0x1000359c                stdout_serialize_begin
 .text.stdout_serialize_end
                0x100035cc       0x10 CMakeFiles/WHOAMI.dir/Users/ethan_chou/.pico-sdk/sdk/2.3.0/src/rp2_common/pico_stdio/stdio.c.o
                0x100035cc                stdout_serialize_end
 .text.stdio_put_string
                0x100035dc       0x94 CMakeFiles/WHOAMI.dir/Users/ethan_chou/.pico-sdk/sdk/2.3.0/src/rp2_common/pico_stdio/stdio.c.o
                0x100035dc                stdio_put_string
 .text.stdio_set_driver_enabled
                0x10003670       0x30 CMakeFiles/WHOAMI.dir/Users/ethan_chou/.pico-sdk/sdk/2.3.0/src/rp2_common/pico_stdio/stdio.c.o
                0x10003670                stdio_set_driver_enabled
 .text.stdio_flush
                0x100036a0       0x20 CMakeFiles/WHOAMI.dir/Users/ethan_chou/.pico-sdk/sdk/2.3.0/src/rp2_common/pico_stdio/stdio.c.o
                0x100036a0                stdio_flush
 .text.stdio_init_all
                0x100036c0        0x8 CMakeFiles/WHOAMI.dir/Users/ethan_chou/.pico-sdk/sdk/2.3.0/src/rp2_common/pico_stdio/stdio.c.o
                0x100036c0                stdio_init_all
 .text.__wrap_puts
                0x100036c8       0x1e CMakeFiles/WHOAMI.dir/Users/ethan_chou/.pico-sdk/sdk/2.3.0/src/rp2_common/pico_stdio/stdio.c.o
                0x100036c8                __wrap_puts
                0x100036c8                stdio_puts
 *fill*         0x100036e6        0x2 
 .text.__wrap_vprintf
                0x100036e8       0x40 CMakeFiles/WHOAMI.dir/Users/ethan_chou/.pico-sdk/sdk/2.3.0/src/rp2_common/pico_stdio/stdio.c.o
                0x100036e8                __wrap_vprintf
                0x100036e8                stdio_vprintf
 .text.__wrap_printf
                0x10003728       0x18 CMakeFiles/WHOAMI.dir/Users/ethan_chou/.pico-sdk/sdk/2.3.0/src/rp2_common/pico_stdio/stdio.c.o
                0x10003728                stdio_printf
                0x10003728                __wrap_printf
 .text.stdio_usb_set_chars_available_callback
                0x10003740       0x14 CMakeFiles/WHOAMI.dir/Users/ethan_chou/.pico-sdk/sdk/2.3.0/src/rp2_common/pico_stdio_usb/stdio_usb.c.o
                0x10003740                stdio_usb_set_chars_available_callback
 .text.stdio_usb_out_flush
                0x10003754       0x4c CMakeFiles/WHOAMI.dir/Users/ethan_chou/.pico-sdk/sdk/2.3.0/src/rp2_common/pico_stdio_usb/stdio_usb.c.o
 .text.usb_irq  0x100037a0       0x10 CMakeFiles/WHOAMI.dir/Users/ethan_chou/.pico-sdk/sdk/2.3.0/src/rp2_common/pico_stdio_usb/stdio_usb.c.o
 .text.timer_task
                0x100037b0       0x78 CMakeFiles/WHOAMI.dir/Users/ethan_chou/.pico-sdk/sdk/2.3.0/src/rp2_common/pico_stdio_usb/stdio_usb.c.o
 .text.alarm_pool_add_alarm_in_us
                0x10003828       0x40 CMakeFiles/WHOAMI.dir/Users/ethan_chou/.pico-sdk/sdk/2.3.0/src/rp2_common/pico_stdio_usb/stdio_usb.c.o
 .text.add_alarm_in_us
                0x10003868       0x2e CMakeFiles/WHOAMI.dir/Users/ethan_chou/.pico-sdk/sdk/2.3.0/src/rp2_common/pico_stdio_usb/stdio_usb.c.o
 *fill*         0x10003896        0x2 
 .text.low_priority_worker_irq
                0x10003898       0xa8 CMakeFiles/WHOAMI.dir/Users/ethan_chou/.pico-sdk/sdk/2.3.0/src/rp2_common/pico_stdio_usb/stdio_usb.c.o
 .text.stdio_usb_init
                0x10003940       0xe0 CMakeFiles/WHOAMI.dir/Users/ethan_chou/.pico-sdk/sdk/2.3.0/src/rp2_common/pico_stdio_usb/stdio_usb.c.o
                0x10003940                stdio_usb_init
 .text.stdio_usb_connected
                0x10003a20        0xa CMakeFiles/WHOAMI.dir/Users/ethan_chou/.pico-sdk/sdk/2.3.0/src/rp2_common/pico_stdio_usb/stdio_usb.c.o
                0x10003a20                stdio_usb_connected
 *fill*         0x10003a2a        0x2 
 .text.stdio_usb_in_chars
                0x10003a2c       0xa0 CMakeFiles/WHOAMI.dir/Users/ethan_chou/.pico-sdk/sdk/2.3.0/src/rp2_common/pico_stdio_usb/stdio_usb.c.o
                0x10003a2c                stdio_usb_in_chars
 .text.stdio_usb_out_chars
                0x10003acc       0xe8 CMakeFiles/WHOAMI.dir/Users/ethan_chou/.pico-sdk/sdk/2.3.0/src/rp2_common/pico_stdio_usb/stdio_usb.c.o
 .text.tud_descriptor_device_cb
                0x10003bb4        0x8 CMakeFiles/WHOAMI.dir/Users/ethan_chou/.pico-sdk/sdk/2.3.0/src/rp2_common/pico_stdio_usb/stdio_usb_descriptors.c.o
                0x10003bb4                tud_descriptor_device_cb
 .text.tud_descriptor_configuration_cb
                0x10003bbc        0x8 CMakeFiles/WHOAMI.dir/Users/ethan_chou/.pico-sdk/sdk/2.3.0/src/rp2_common/pico_stdio_usb/stdio_usb_descriptors.c.o
                0x10003bbc                tud_descriptor_configuration_cb
 .text.tud_descriptor_string_cb
                0x10003bc4       0x6c CMakeFiles/WHOAMI.dir/Users/ethan_chou/.pico-sdk/sdk/2.3.0/src/rp2_common/pico_stdio_usb/stdio_usb_descriptors.c.o
                0x10003bc4                tud_descriptor_string_cb
 .text._retrieve_unique_id_on_boot
                0x10003c30       0x10 CMakeFiles/WHOAMI.dir/Users/ethan_chou/.pico-sdk/sdk/2.3.0/src/rp2_common/pico_unique_id/unique_id.c.o
 .text.pico_get_unique_board_id_string
                0x10003c40       0x58 CMakeFiles/WHOAMI.dir/Users/ethan_chou/.pico-sdk/sdk/2.3.0/src/rp2_common/pico_unique_id/unique_id.c.o
                0x10003c40                pico_get_unique_board_id_string
 .text.flash_get_unique_id
                0x10003c98       0x42 CMakeFiles/WHOAMI.dir/Users/ethan_chou/.pico-sdk/sdk/2.3.0/src/rp2_common/hardware_flash/flash.c.o
                0x10003c98                flash_get_unique_id
 .text.usb_reset_interface_init
                0x10003cda        0x2 CMakeFiles/WHOAMI.dir/Users/ethan_chou/.pico-sdk/sdk/2.3.0/src/rp2_common/pico_usb_reset/usb_reset.c.o
                0x10003cda                usb_reset_interface_init
 .text.usb_reset_interface_reset
                0x10003cdc        0xc CMakeFiles/WHOAMI.dir/Users/ethan_chou/.pico-sdk/sdk/2.3.0/src/rp2_common/pico_usb_reset/usb_reset.c.o
                0x10003cdc                usb_reset_interface_reset
 .text.usb_reset_interface_open
                0x10003ce8       0x34 CMakeFiles/WHOAMI.dir/Users/ethan_chou/.pico-sdk/sdk/2.3.0/src/rp2_common/pico_usb_reset/usb_reset.c.o
                0x10003ce8                usb_reset_interface_open
 .text.usb_reset_interface_xfer_cb
                0x10003d1c        0x4 CMakeFiles/WHOAMI.dir/Users/ethan_chou/.pico-sdk/sdk/2.3.0/src/rp2_common/pico_usb_reset/usb_reset.c.o
                0x10003d1c                usb_reset_interface_xfer_cb
 .text.usb_reset_interface_control_xfer_cb
                0x10003d20       0x60 CMakeFiles/WHOAMI.dir/Users/ethan_chou/.pico-sdk/sdk/2.3.0/src/rp2_common/pico_usb_reset/usb_reset.c.o
                0x10003d20                usb_reset_interface_control_xfer_cb
 .text.tud_descriptor_bos_cb
                0x10003d80        0x8 CMakeFiles/WHOAMI.dir/Users/ethan_chou/.pico-sdk/sdk/2.3.0/src/rp2_common/pico_usb_reset/usb_reset.c.o
                0x10003d80                tud_descriptor_bos_cb
 .text.tud_vendor_control_xfer_cb
                0x10003d88       0x3c CMakeFiles/WHOAMI.dir/Users/ethan_chou/.pico-sdk/sdk/2.3.0/src/rp2_common/pico_usb_reset/usb_reset.c.o
                0x10003d88                tud_vendor_control_xfer_cb
 .text.usbd_app_driver_get_cb
                0x10003dc4        0xc CMakeFiles/WHOAMI.dir/Users/ethan_chou/.pico-sdk/sdk/2.3.0/src/rp2_common/pico_usb_reset/usb_reset.c.o
                0x10003dc4                usbd_app_driver_get_cb
 .text.tud_cdc_line_coding_cb
                0x10003dd0       0x2c CMakeFiles/WHOAMI.dir/Users/ethan_chou/.pico-sdk/sdk/2.3.0/src/rp2_common/pico_usb_reset/usb_reset.c.o
                0x10003dd0                tud_cdc_line_coding_cb
 .text.hw_endpoint_init
                0x10003dfc       0xd0 CMakeFiles/WHOAMI.dir/Users/ethan_chou/.pico-sdk/sdk/2.3.0/lib/tinyusb/src/portable/raspberrypi/rp2040/dcd_rp2040.c.o
 .text.hw_endpoint_alloc
                0x10003ecc       0x48 CMakeFiles/WHOAMI.dir/Users/ethan_chou/.pico-sdk/sdk/2.3.0/lib/tinyusb/src/portable/raspberrypi/rp2040/dcd_rp2040.c.o
 .text.hw_endpoint_open
                0x10003f14       0x54 CMakeFiles/WHOAMI.dir/Users/ethan_chou/.pico-sdk/sdk/2.3.0/lib/tinyusb/src/portable/raspberrypi/rp2040/dcd_rp2040.c.o
 .text.hw_endpoint_xfer
                0x10003f68       0x20 CMakeFiles/WHOAMI.dir/Users/ethan_chou/.pico-sdk/sdk/2.3.0/lib/tinyusb/src/portable/raspberrypi/rp2040/dcd_rp2040.c.o
 .text.dcd_int_enable
                0x10003f88       0x2c CMakeFiles/WHOAMI.dir/Users/ethan_chou/.pico-sdk/sdk/2.3.0/lib/tinyusb/src/portable/raspberrypi/rp2040/dcd_rp2040.c.o
                0x10003f88                dcd_int_enable
 .text.dcd_set_address
                0x10003fb4       0x2c CMakeFiles/WHOAMI.dir/Users/ethan_chou/.pico-sdk/sdk/2.3.0/lib/tinyusb/src/portable/raspberrypi/rp2040/dcd_rp2040.c.o
                0x10003fb4                dcd_set_address
 .text.dcd_connect
                0x10003fe0       0x10 CMakeFiles/WHOAMI.dir/Users/ethan_chou/.pico-sdk/sdk/2.3.0/lib/tinyusb/src/portable/raspberrypi/rp2040/dcd_rp2040.c.o
                0x10003fe0                dcd_connect
 .text.dcd_init
                0x10003ff0       0x80 CMakeFiles/WHOAMI.dir/Users/ethan_chou/.pico-sdk/sdk/2.3.0/lib/tinyusb/src/portable/raspberrypi/rp2040/dcd_rp2040.c.o
                0x10003ff0                dcd_init
 .text.dcd_sof_enable
                0x10004070       0x1c CMakeFiles/WHOAMI.dir/Users/ethan_chou/.pico-sdk/sdk/2.3.0/lib/tinyusb/src/portable/raspberrypi/rp2040/dcd_rp2040.c.o
                0x10004070                dcd_sof_enable
 .text.dcd_edpt0_status_complete
                0x1000408c       0x2c CMakeFiles/WHOAMI.dir/Users/ethan_chou/.pico-sdk/sdk/2.3.0/lib/tinyusb/src/portable/raspberrypi/rp2040/dcd_rp2040.c.o
                0x1000408c                dcd_edpt0_status_complete
 .text.dcd_edpt_open
                0x100040b8       0x26 CMakeFiles/WHOAMI.dir/Users/ethan_chou/.pico-sdk/sdk/2.3.0/lib/tinyusb/src/portable/raspberrypi/rp2040/dcd_rp2040.c.o
                0x100040b8                dcd_edpt_open
 .text.dcd_edpt_close_all
                0x100040de        0x8 CMakeFiles/WHOAMI.dir/Users/ethan_chou/.pico-sdk/sdk/2.3.0/lib/tinyusb/src/portable/raspberrypi/rp2040/dcd_rp2040.c.o
                0x100040de                dcd_edpt_close_all
 *fill*         0x100040e6        0x2 
 .text.dcd_edpt_xfer
                0x100040e8       0x34 CMakeFiles/WHOAMI.dir/Users/ethan_chou/.pico-sdk/sdk/2.3.0/lib/tinyusb/src/portable/raspberrypi/rp2040/dcd_rp2040.c.o
                0x100040e8                dcd_edpt_xfer
 .text.dcd_edpt_stall
                0x1000411c       0x3c CMakeFiles/WHOAMI.dir/Users/ethan_chou/.pico-sdk/sdk/2.3.0/lib/tinyusb/src/portable/raspberrypi/rp2040/dcd_rp2040.c.o
                0x1000411c                dcd_edpt_stall
 .text.dcd_edpt_clear_stall
                0x10004158       0x30 CMakeFiles/WHOAMI.dir/Users/ethan_chou/.pico-sdk/sdk/2.3.0/lib/tinyusb/src/portable/raspberrypi/rp2040/dcd_rp2040.c.o
                0x10004158                dcd_edpt_clear_stall
 .text.unaligned_memcpy
                0x10004188       0x14 CMakeFiles/WHOAMI.dir/Users/ethan_chou/.pico-sdk/sdk/2.3.0/lib/tinyusb/src/portable/raspberrypi/rp2040/rp2040_usb.c.o
 .text.rp2040_usb_init
                0x1000419c       0x44 CMakeFiles/WHOAMI.dir/Users/ethan_chou/.pico-sdk/sdk/2.3.0/lib/tinyusb/src/portable/raspberrypi/rp2040/rp2040_usb.c.o
                0x1000419c                rp2040_usb_init
 .text.hw_endpoint_xfer_start
                0x100041e0       0x60 CMakeFiles/WHOAMI.dir/Users/ethan_chou/.pico-sdk/sdk/2.3.0/lib/tinyusb/src/portable/raspberrypi/rp2040/rp2040_usb.c.o
                0x100041e0                hw_endpoint_xfer_start
 .text.configuration_reset
                0x10004240       0x7c CMakeFiles/WHOAMI.dir/Users/ethan_chou/.pico-sdk/sdk/2.3.0/lib/tinyusb/src/device/usbd.c.o
 .text.usbd_reset
                0x100042bc        0xc CMakeFiles/WHOAMI.dir/Users/ethan_chou/.pico-sdk/sdk/2.3.0/lib/tinyusb/src/device/usbd.c.o
 .text.invoke_class_control
                0x100042c8       0x1a CMakeFiles/WHOAMI.dir/Users/ethan_chou/.pico-sdk/sdk/2.3.0/lib/tinyusb/src/device/usbd.c.o
 *fill*         0x100042e2        0x2 
 .text.process_set_config
                0x100042e4      0x190 CMakeFiles/WHOAMI.dir/Users/ethan_chou/.pico-sdk/sdk/2.3.0/lib/tinyusb/src/device/usbd.c.o
 .text.tud_event_hook_cb
                0x10004474        0x2 CMakeFiles/WHOAMI.dir/Users/ethan_chou/.pico-sdk/sdk/2.3.0/lib/tinyusb/src/device/usbd.c.o
                0x10004474                tud_event_hook_cb
 .text.tud_sof_cb
                0x10004476        0x2 CMakeFiles/WHOAMI.dir/Users/ethan_chou/.pico-sdk/sdk/2.3.0/lib/tinyusb/src/device/usbd.c.o
                0x10004476                tud_sof_cb
 .text.tud_descriptor_device_qualifier_cb
                0x10004478        0x4 CMakeFiles/WHOAMI.dir/Users/ethan_chou/.pico-sdk/sdk/2.3.0/lib/tinyusb/src/device/usbd.c.o
                0x10004478                tud_descriptor_device_qualifier_cb
 .text.tud_descriptor_other_speed_configuration_cb
                0x1000447c        0x4 CMakeFiles/WHOAMI.dir/Users/ethan_chou/.pico-sdk/sdk/2.3.0/lib/tinyusb/src/device/usbd.c.o
                0x1000447c                tud_descriptor_other_speed_configuration_cb
 .text.process_get_descriptor
                0x10004480       0xf4 CMakeFiles/WHOAMI.dir/Users/ethan_chou/.pico-sdk/sdk/2.3.0/lib/tinyusb/src/device/usbd.c.o
 .text.tud_mount_cb
                0x10004574        0x2 CMakeFiles/WHOAMI.dir/Users/ethan_chou/.pico-sdk/sdk/2.3.0/lib/tinyusb/src/device/usbd.c.o
                0x10004574                tud_mount_cb
 .text.tud_umount_cb
                0x10004576        0x2 CMakeFiles/WHOAMI.dir/Users/ethan_chou/.pico-sdk/sdk/2.3.0/lib/tinyusb/src/device/usbd.c.o
                0x10004576                tud_umount_cb
 .text.tud_suspend_cb
                0x10004578        0x2 CMakeFiles/WHOAMI.dir/Users/ethan_chou/.pico-sdk/sdk/2.3.0/lib/tinyusb/src/device/usbd.c.o
                0x10004578                tud_suspend_cb
 .text.tud_resume_cb
                0x1000457a        0x2 CMakeFiles/WHOAMI.dir/Users/ethan_chou/.pico-sdk/sdk/2.3.0/lib/tinyusb/src/device/usbd.c.o
                0x1000457a                tud_resume_cb
 .text.tud_mounted
                0x1000457c       0x10 CMakeFiles/WHOAMI.dir/Users/ethan_chou/.pico-sdk/sdk/2.3.0/lib/tinyusb/src/device/usbd.c.o
                0x1000457c                tud_mounted
 .text.tud_suspended
                0x1000458c       0x10 CMakeFiles/WHOAMI.dir/Users/ethan_chou/.pico-sdk/sdk/2.3.0/lib/tinyusb/src/device/usbd.c.o
                0x1000458c                tud_suspended
 .text.tud_inited
                0x1000459c       0x14 CMakeFiles/WHOAMI.dir/Users/ethan_chou/.pico-sdk/sdk/2.3.0/lib/tinyusb/src/device/usbd.c.o
                0x1000459c                tud_inited
 .text.tud_rhport_init
                0x100045b0       0xfc CMakeFiles/WHOAMI.dir/Users/ethan_chou/.pico-sdk/sdk/2.3.0/lib/tinyusb/src/device/usbd.c.o
                0x100045b0                tud_rhport_init
 .text.usbd_edpt_open
                0x100046ac       0x64 CMakeFiles/WHOAMI.dir/Users/ethan_chou/.pico-sdk/sdk/2.3.0/lib/tinyusb/src/device/usbd.c.o
                0x100046ac                usbd_edpt_open
 .text.usbd_open_edpt_pair
                0x10004710       0x80 CMakeFiles/WHOAMI.dir/Users/ethan_chou/.pico-sdk/sdk/2.3.0/lib/tinyusb/src/device/usbd.c.o
                0x10004710                usbd_open_edpt_pair
 .text.usbd_edpt_claim
                0x10004790       0x28 CMakeFiles/WHOAMI.dir/Users/ethan_chou/.pico-sdk/sdk/2.3.0/lib/tinyusb/src/device/usbd.c.o
                0x10004790                usbd_edpt_claim
 .text.usbd_edpt_release
                0x100047b8       0x28 CMakeFiles/WHOAMI.dir/Users/ethan_chou/.pico-sdk/sdk/2.3.0/lib/tinyusb/src/device/usbd.c.o
                0x100047b8                usbd_edpt_release
 .text.usbd_edpt_xfer
                0x100047e0       0x80 CMakeFiles/WHOAMI.dir/Users/ethan_chou/.pico-sdk/sdk/2.3.0/lib/tinyusb/src/device/usbd.c.o
                0x100047e0                usbd_edpt_xfer
 .text.usbd_edpt_stall
                0x10004860       0x34 CMakeFiles/WHOAMI.dir/Users/ethan_chou/.pico-sdk/sdk/2.3.0/lib/tinyusb/src/device/usbd.c.o
                0x10004860                usbd_edpt_stall
 .text.usbd_edpt_clear_stall
                0x10004894       0x34 CMakeFiles/WHOAMI.dir/Users/ethan_chou/.pico-sdk/sdk/2.3.0/lib/tinyusb/src/device/usbd.c.o
                0x10004894                usbd_edpt_clear_stall
 .text.usbd_edpt_stalled
                0x100048c8       0x1c CMakeFiles/WHOAMI.dir/Users/ethan_chou/.pico-sdk/sdk/2.3.0/lib/tinyusb/src/device/usbd.c.o
                0x100048c8                usbd_edpt_stalled
 .text.process_control_request
                0x100048e4      0x3f0 CMakeFiles/WHOAMI.dir/Users/ethan_chou/.pico-sdk/sdk/2.3.0/lib/tinyusb/src/device/usbd.c.o
 .text.tud_task_ext
                0x10004cd4      0x1e4 CMakeFiles/WHOAMI.dir/Users/ethan_chou/.pico-sdk/sdk/2.3.0/lib/tinyusb/src/device/usbd.c.o
                0x10004cd4                tud_task_ext
 .text.status_stage_xact
                0x10004eb8       0x1a CMakeFiles/WHOAMI.dir/Users/ethan_chou/.pico-sdk/sdk/2.3.0/lib/tinyusb/src/device/usbd_control.c.o
 *fill*         0x10004ed2        0x2 
 .text.data_stage_xact
                0x10004ed4       0x60 CMakeFiles/WHOAMI.dir/Users/ethan_chou/.pico-sdk/sdk/2.3.0/lib/tinyusb/src/device/usbd_control.c.o
 .text.tud_control_status
                0x10004f34       0x28 CMakeFiles/WHOAMI.dir/Users/ethan_chou/.pico-sdk/sdk/2.3.0/lib/tinyusb/src/device/usbd_control.c.o
                0x10004f34                tud_control_status
 .text.tud_control_xfer
                0x10004f5c       0x98 CMakeFiles/WHOAMI.dir/Users/ethan_chou/.pico-sdk/sdk/2.3.0/lib/tinyusb/src/device/usbd_control.c.o
                0x10004f5c                tud_control_xfer
 .text.usbd_control_reset
                0x10004ff4       0x14 CMakeFiles/WHOAMI.dir/Users/ethan_chou/.pico-sdk/sdk/2.3.0/lib/tinyusb/src/device/usbd_control.c.o
                0x10004ff4                usbd_control_reset
 .text.usbd_control_set_complete_callback
                0x10005008        0xc CMakeFiles/WHOAMI.dir/Users/ethan_chou/.pico-sdk/sdk/2.3.0/lib/tinyusb/src/device/usbd_control.c.o
                0x10005008                usbd_control_set_complete_callback
 .text.usbd_control_set_request
                0x10005014       0x1c CMakeFiles/WHOAMI.dir/Users/ethan_chou/.pico-sdk/sdk/2.3.0/lib/tinyusb/src/device/usbd_control.c.o
                0x10005014                usbd_control_set_request
 .text.usbd_control_xfer_cb
                0x10005030       0xec CMakeFiles/WHOAMI.dir/Users/ethan_chou/.pico-sdk/sdk/2.3.0/lib/tinyusb/src/device/usbd_control.c.o
                0x10005030                usbd_control_xfer_cb
 .text._prep_out_transaction
                0x1000511c       0x98 CMakeFiles/WHOAMI.dir/Users/ethan_chou/.pico-sdk/sdk/2.3.0/lib/tinyusb/src/class/cdc/cdc_device.c.o
 .text.tud_cdc_n_connected
                0x100051b4       0x34 CMakeFiles/WHOAMI.dir/Users/ethan_chou/.pico-sdk/sdk/2.3.0/lib/tinyusb/src/class/cdc/cdc_device.c.o
                0x100051b4                tud_cdc_n_connected
 .text.tud_cdc_n_available
                0x100051e8       0x18 CMakeFiles/WHOAMI.dir/Users/ethan_chou/.pico-sdk/sdk/2.3.0/lib/tinyusb/src/class/cdc/cdc_device.c.o
                0x100051e8                tud_cdc_n_available
 .text.tud_cdc_n_read
                0x10005200       0x38 CMakeFiles/WHOAMI.dir/Users/ethan_chou/.pico-sdk/sdk/2.3.0/lib/tinyusb/src/class/cdc/cdc_device.c.o
                0x10005200                tud_cdc_n_read
 .text.tud_cdc_n_write_flush
                0x10005238       0xa8 CMakeFiles/WHOAMI.dir/Users/ethan_chou/.pico-sdk/sdk/2.3.0/lib/tinyusb/src/class/cdc/cdc_device.c.o
                0x10005238                tud_cdc_n_write_flush
 .text.tud_cdc_n_write
                0x100052e0       0x48 CMakeFiles/WHOAMI.dir/Users/ethan_chou/.pico-sdk/sdk/2.3.0/lib/tinyusb/src/class/cdc/cdc_device.c.o
                0x100052e0                tud_cdc_n_write
 .text.tud_cdc_n_write_available
                0x10005328       0x18 CMakeFiles/WHOAMI.dir/Users/ethan_chou/.pico-sdk/sdk/2.3.0/lib/tinyusb/src/class/cdc/cdc_device.c.o
                0x10005328                tud_cdc_n_write_available
 .text.cdcd_init
                0x10005340       0xa4 CMakeFiles/WHOAMI.dir/Users/ethan_chou/.pico-sdk/sdk/2.3.0/lib/tinyusb/src/class/cdc/cdc_device.c.o
                0x10005340                cdcd_init
 .text.cdcd_deinit
                0x100053e4       0x4c CMakeFiles/WHOAMI.dir/Users/ethan_chou/.pico-sdk/sdk/2.3.0/lib/tinyusb/src/class/cdc/cdc_device.c.o
                0x100053e4                cdcd_deinit
 .text.cdcd_reset
                0x10005430       0x70 CMakeFiles/WHOAMI.dir/Users/ethan_chou/.pico-sdk/sdk/2.3.0/lib/tinyusb/src/class/cdc/cdc_device.c.o
                0x10005430                cdcd_reset
 .text.cdcd_open
                0x100054a0      0x104 CMakeFiles/WHOAMI.dir/Users/ethan_chou/.pico-sdk/sdk/2.3.0/lib/tinyusb/src/class/cdc/cdc_device.c.o
                0x100054a0                cdcd_open
 .text.cdcd_control_xfer_cb
                0x100055a4      0x148 CMakeFiles/WHOAMI.dir/Users/ethan_chou/.pico-sdk/sdk/2.3.0/lib/tinyusb/src/class/cdc/cdc_device.c.o
                0x100055a4                cdcd_control_xfer_cb
 .text.cdcd_xfer_cb
                0x100056ec      0x14c CMakeFiles/WHOAMI.dir/Users/ethan_chou/.pico-sdk/sdk/2.3.0/lib/tinyusb/src/class/cdc/cdc_device.c.o
                0x100056ec                cdcd_xfer_cb
 .text.tusb_rhport_init
                0x10005838       0x7c CMakeFiles/WHOAMI.dir/Users/ethan_chou/.pico-sdk/sdk/2.3.0/lib/tinyusb/src/tusb.c.o
                0x10005838                tusb_rhport_init
 .text.tu_edpt_claim
                0x100058b4       0x56 CMakeFiles/WHOAMI.dir/Users/ethan_chou/.pico-sdk/sdk/2.3.0/lib/tinyusb/src/tusb.c.o
                0x100058b4                tu_edpt_claim
 .text.tu_edpt_release
                0x1000590a       0x40 CMakeFiles/WHOAMI.dir/Users/ethan_chou/.pico-sdk/sdk/2.3.0/lib/tinyusb/src/tusb.c.o
                0x1000590a                tu_edpt_release
 *fill*         0x1000594a        0x2 
 .text.tu_edpt_validate
                0x1000594c       0xac CMakeFiles/WHOAMI.dir/Users/ethan_chou/.pico-sdk/sdk/2.3.0/lib/tinyusb/src/tusb.c.o
                0x1000594c                tu_edpt_validate
 .text.tu_edpt_bind_driver
                0x100059f8       0x2a CMakeFiles/WHOAMI.dir/Users/ethan_chou/.pico-sdk/sdk/2.3.0/lib/tinyusb/src/tusb.c.o
                0x100059f8                tu_edpt_bind_driver
 .text.advance_index
                0x10005a22       0x1a CMakeFiles/WHOAMI.dir/Users/ethan_chou/.pico-sdk/sdk/2.3.0/lib/tinyusb/src/common/tusb_fifo.c.o
 .text._tu_fifo_peek
                0x10005a3c       0x5a CMakeFiles/WHOAMI.dir/Users/ethan_chou/.pico-sdk/sdk/2.3.0/lib/tinyusb/src/common/tusb_fifo.c.o
 .text._ff_pull_n
                0x10005a96       0x70 CMakeFiles/WHOAMI.dir/Users/ethan_chou/.pico-sdk/sdk/2.3.0/lib/tinyusb/src/common/tusb_fifo.c.o
 .text._tu_fifo_peek_n
                0x10005b06       0x70 CMakeFiles/WHOAMI.dir/Users/ethan_chou/.pico-sdk/sdk/2.3.0/lib/tinyusb/src/common/tusb_fifo.c.o
 .text._tu_fifo_read_n
                0x10005b76       0x4e CMakeFiles/WHOAMI.dir/Users/ethan_chou/.pico-sdk/sdk/2.3.0/lib/tinyusb/src/common/tusb_fifo.c.o
 .text._ff_push_n
                0x10005bc4       0x70 CMakeFiles/WHOAMI.dir/Users/ethan_chou/.pico-sdk/sdk/2.3.0/lib/tinyusb/src/common/tusb_fifo.c.o
 .text._tu_fifo_write_n
                0x10005c34       0xf0 CMakeFiles/WHOAMI.dir/Users/ethan_chou/.pico-sdk/sdk/2.3.0/lib/tinyusb/src/common/tusb_fifo.c.o
 .text.tu_fifo_config
                0x10005d24       0x82 CMakeFiles/WHOAMI.dir/Users/ethan_chou/.pico-sdk/sdk/2.3.0/lib/tinyusb/src/common/tusb_fifo.c.o
                0x10005d24                tu_fifo_config
 .text.tu_fifo_count
                0x10005da6       0x2c CMakeFiles/WHOAMI.dir/Users/ethan_chou/.pico-sdk/sdk/2.3.0/lib/tinyusb/src/common/tusb_fifo.c.o
                0x10005da6                tu_fifo_count
 .text.tu_fifo_empty
                0x10005dd2        0xe CMakeFiles/WHOAMI.dir/Users/ethan_chou/.pico-sdk/sdk/2.3.0/lib/tinyusb/src/common/tusb_fifo.c.o
                0x10005dd2                tu_fifo_empty
 .text.tu_fifo_full
                0x10005de0       0x2e CMakeFiles/WHOAMI.dir/Users/ethan_chou/.pico-sdk/sdk/2.3.0/lib/tinyusb/src/common/tusb_fifo.c.o
                0x10005de0                tu_fifo_full
 .text.tu_fifo_remaining
                0x10005e0e       0x2e CMakeFiles/WHOAMI.dir/Users/ethan_chou/.pico-sdk/sdk/2.3.0/lib/tinyusb/src/common/tusb_fifo.c.o
                0x10005e0e                tu_fifo_remaining
 .text.tu_fifo_read
                0x10005e3c       0x42 CMakeFiles/WHOAMI.dir/Users/ethan_chou/.pico-sdk/sdk/2.3.0/lib/tinyusb/src/common/tusb_fifo.c.o
                0x10005e3c                tu_fifo_read
 .text.tu_fifo_read_n
                0x10005e7e        0xa CMakeFiles/WHOAMI.dir/Users/ethan_chou/.pico-sdk/sdk/2.3.0/lib/tinyusb/src/common/tusb_fifo.c.o
                0x10005e7e                tu_fifo_read_n
 .text.tu_fifo_write
                0x10005e88       0x66 CMakeFiles/WHOAMI.dir/Users/ethan_chou/.pico-sdk/sdk/2.3.0/lib/tinyusb/src/common/tusb_fifo.c.o
                0x10005e88                tu_fifo_write
 .text.tu_fifo_write_n
                0x10005eee        0xa CMakeFiles/WHOAMI.dir/Users/ethan_chou/.pico-sdk/sdk/2.3.0/lib/tinyusb/src/common/tusb_fifo.c.o
                0x10005eee                tu_fifo_write_n
 .text.tu_fifo_clear
                0x10005ef8       0x3e CMakeFiles/WHOAMI.dir/Users/ethan_chou/.pico-sdk/sdk/2.3.0/lib/tinyusb/src/common/tusb_fifo.c.o
                0x10005ef8                tu_fifo_clear
 .text.tu_fifo_set_overwritable
                0x10005f36       0x46 CMakeFiles/WHOAMI.dir/Users/ethan_chou/.pico-sdk/sdk/2.3.0/lib/tinyusb/src/common/tusb_fifo.c.o
                0x10005f36                tu_fifo_set_overwritable
 .text.i2c_unreset
                0x10005f7c       0x2c CMakeFiles/WHOAMI.dir/Users/ethan_chou/.pico-sdk/sdk/2.3.0/src/rp2_common/hardware_i2c/i2c.c.o
 .text.i2c_write_blocking_internal
                0x10005fa8      0x158 CMakeFiles/WHOAMI.dir/Users/ethan_chou/.pico-sdk/sdk/2.3.0/src/rp2_common/hardware_i2c/i2c.c.o
 .text.i2c_read_blocking_internal
                0x10006100       0xf8 CMakeFiles/WHOAMI.dir/Users/ethan_chou/.pico-sdk/sdk/2.3.0/src/rp2_common/hardware_i2c/i2c.c.o
 .text.i2c_set_baudrate
                0x100061f8       0xec CMakeFiles/WHOAMI.dir/Users/ethan_chou/.pico-sdk/sdk/2.3.0/src/rp2_common/hardware_i2c/i2c.c.o
                0x100061f8                i2c_set_baudrate
 .text.i2c_init
                0x100062e4       0x54 CMakeFiles/WHOAMI.dir/Users/ethan_chou/.pico-sdk/sdk/2.3.0/src/rp2_common/hardware_i2c/i2c.c.o
                0x100062e4                i2c_init
 .text.i2c_write_blocking
                0x10006338       0x18 CMakeFiles/WHOAMI.dir/Users/ethan_chou/.pico-sdk/sdk/2.3.0/src/rp2_common/hardware_i2c/i2c.c.o
                0x10006338                i2c_write_blocking
 .text.i2c_read_blocking
                0x10006350       0x18 CMakeFiles/WHOAMI.dir/Users/ethan_chou/.pico-sdk/sdk/2.3.0/src/rp2_common/hardware_i2c/i2c.c.o
                0x10006350                i2c_read_blocking
 .text.strlen   0x10006368       0x60 /Users/ethan_chou/.pico-sdk/toolchain/15_2_Rel1/bin/../lib/gcc/arm-none-eabi/15.2.1/../../../../arm-none-eabi/lib/thumb/v6-m/nofp/libg.a(libc_a-strlen-stub.o)
                0x10006368                strlen
 .text.strlen.__stub
                0x100063c8       0xd0 linker stubs
 *(.fini)
 *crtbegin.o(.ctors)
 *crtbegin?.o(.ctors)
 *(EXCLUDE_FILE(*crtend.o *crtend?.o) .ctors)
 *(SORT_BY_NAME(.ctors.*))
 *(.ctors)
 *crtbegin.o(.dtors)
 *crtbegin?.o(.dtors)
 *(EXCLUDE_FILE(*crtend.o *crtend?.o) .dtors)
 *(SORT_BY_NAME(.dtors.*))
 *(.dtors)
                0x10006498                        . = ALIGN (0x4)
                [!provide]                        PROVIDE (__bothinit_array_start = .)
                0x10006498                        PROVIDE (__preinit_array_start = .)
 *(SORT_BY_NAME(.preinit_array.*))
 .preinit_array.00100
                0x10006498        0x4 CMakeFiles/WHOAMI.dir/Users/ethan_chou/.pico-sdk/sdk/2.3.0/src/rp2_common/pico_runtime_init/runtime_init.c.o
                0x10006498                __pre_init_runtime_init_early_resets
 .preinit_array.00101
                0x1000649c        0x4 CMakeFiles/WHOAMI.dir/Users/ethan_chou/.pico-sdk/sdk/2.3.0/src/rp2_common/pico_runtime_init/runtime_init.c.o
                0x1000649c                __pre_init_runtime_init_usb_power_down
 .preinit_array.00275
                0x100064a0        0x4 CMakeFiles/WHOAMI.dir/Users/ethan_chou/.pico-sdk/sdk/2.3.0/src/rp2_common/pico_bit_ops/bit_ops_aeabi.S.o
 .preinit_array.00300
                0x100064a4        0x4 CMakeFiles/WHOAMI.dir/Users/ethan_chou/.pico-sdk/sdk/2.3.0/src/rp2_common/pico_mem_ops/mem_ops_aeabi.S.o
 .preinit_array.00350
                0x100064a8        0x4 CMakeFiles/WHOAMI.dir/Users/ethan_chou/.pico-sdk/sdk/2.3.0/src/rp2_common/pico_double/double_aeabi_rp2040.S.o
 .preinit_array.00350
                0x100064ac        0x4 CMakeFiles/WHOAMI.dir/Users/ethan_chou/.pico-sdk/sdk/2.3.0/src/rp2_common/pico_float/float_aeabi_rp2040.S.o
 .preinit_array.00500
                0x100064b0        0x4 CMakeFiles/WHOAMI.dir/Users/ethan_chou/.pico-sdk/sdk/2.3.0/src/rp2_common/pico_runtime_init/runtime_init.c.o
                0x100064b0                __pre_init_runtime_init_clocks
 .preinit_array.00600
                0x100064b4        0x4 CMakeFiles/WHOAMI.dir/Users/ethan_chou/.pico-sdk/sdk/2.3.0/src/rp2_common/pico_runtime_init/runtime_init.c.o
                0x100064b4                __pre_init_runtime_init_post_clock_resets
 .preinit_array.00700
                0x100064b8        0x4 CMakeFiles/WHOAMI.dir/Users/ethan_chou/.pico-sdk/sdk/2.3.0/src/rp2_common/pico_runtime_init/runtime_init.c.o
                0x100064b8                __pre_init_runtime_init_rp2040_gpio_ie_disable
 .preinit_array.01000
                0x100064bc        0x4 CMakeFiles/WHOAMI.dir/Users/ethan_chou/.pico-sdk/sdk/2.3.0/src/rp2_common/pico_runtime_init/runtime_init.c.o
                0x100064bc                __pre_init_runtime_init_spin_locks_reset
 .preinit_array.01100
                0x100064c0        0x4 CMakeFiles/WHOAMI.dir/Users/ethan_chou/.pico-sdk/sdk/2.3.0/src/common/pico_sync/mutex.c.o
                0x100064c0                __pre_init_runtime_init_mutex
 .preinit_array.10080
                0x100064c4        0x4 CMakeFiles/WHOAMI.dir/Users/ethan_chou/.pico-sdk/sdk/2.3.0/src/rp2_common/pico_runtime_init/runtime_init.c.o
                0x100064c4                __pre_init_runtime_init_install_ram_vector_table
 .preinit_array.11000
                0x100064c8        0x4 CMakeFiles/WHOAMI.dir/Users/ethan_chou/.pico-sdk/sdk/2.3.0/src/common/pico_time/time.c.o
                0x100064c8                __pre_init_runtime_init_default_alarm_pool
 .preinit_array.YYYYY
                0x100064cc        0x4 CMakeFiles/WHOAMI.dir/Users/ethan_chou/.pico-sdk/sdk/2.3.0/src/rp2_common/pico_runtime/runtime.c.o
                0x100064cc                __pre_init_first_per_core_initializer
 .preinit_array.ZZZZZ.01200
                0x100064d0        0x4 CMakeFiles/WHOAMI.dir/Users/ethan_chou/.pico-sdk/sdk/2.3.0/src/rp2_common/hardware_irq/irq.c.o
                0x100064d0                __pre_init_runtime_init_per_core_irq_priorities
 *(.preinit_array)
                0x100064d4                        PROVIDE (__preinit_array_end = .)
                0x100064d4                        . = ALIGN (0x4)
                0x100064d4                        PROVIDE (__init_array_start = .)
 *(SORT_BY_NAME(.init_array.*))
 .init_array.01000
                0x100064d4        0x4 CMakeFiles/WHOAMI.dir/Users/ethan_chou/.pico-sdk/sdk/2.3.0/src/rp2_common/pico_unique_id/unique_id.c.o
 *(.init_array)
                0x100064d8                        PROVIDE (__init_array_end = .)
                [!provide]                        PROVIDE (__bothinit_array_end = .)
                0x100064d8                        . = ALIGN (0x4)
                [!provide]                        PROVIDE (__fini_array_start = .)
 *(SORT_BY_NAME(.fini_array.*))
 *(.fini_array)
                [!provide]                        PROVIDE (__fini_array_end = .)
                [!provide]                        PROVIDE (__dso_handle = 0x0)
 *(.eh_frame*)
                0x100064d8                        . = ALIGN (0x4)

.glue_7         0x100064d8        0x0
 .glue_7        0x100064d8        0x0 linker stubs

.glue_7t        0x100064d8        0x0
 .glue_7t       0x100064d8        0x0 linker stubs

.vfp11_veneer   0x100064d8        0x0
 .vfp11_veneer  0x100064d8        0x0 linker stubs

.v4_bx          0x100064d8        0x0
 .v4_bx         0x100064d8        0x0 linker stubs

.iplt           0x100064d8        0x0
 .iplt          0x100064d8        0x0 CMakeFiles/WHOAMI.dir/main.c.o

.rodata         0x100064d8     0x1248
 *(EXCLUDE_FILE(*libm.a: *lib*_a-mem*.o *libc.a: *libgcc.a:) .rodata*)
 .rodata.main.str1.4
                0x100064d8      0xce8 CMakeFiles/WHOAMI.dir/main.c.o
                                 0x2f (size before relaxing)
 .rodata.rp2040_chip_version.str1.4
                0x100071c0        0x0 CMakeFiles/WHOAMI.dir/Users/ethan_chou/.pico-sdk/sdk/2.3.0/src/rp2040/pico_platform/platform.c.o
                                 0x81 (size before relaxing)
 .rodata.__func__.0
                0x100071c0       0x14 CMakeFiles/WHOAMI.dir/Users/ethan_chou/.pico-sdk/sdk/2.3.0/src/rp2040/pico_platform/platform.c.o
 .rodata.panic.str1.4
                0x100071d4        0x0 CMakeFiles/WHOAMI.dir/Users/ethan_chou/.pico-sdk/sdk/2.3.0/src/rp2_common/pico_platform_panic/panic.c.o
                                 0x11 (size before relaxing)
 .rodata.spin_lock_claim_unused.str1.4
                0x100071d4        0x0 CMakeFiles/WHOAMI.dir/Users/ethan_chou/.pico-sdk/sdk/2.3.0/src/rp2_common/hardware_sync/sync.c.o
                                 0x1b (size before relaxing)
 .rodata.resolve_j_16.str1.4
                0x100071d4        0x0 CMakeFiles/WHOAMI.dir/Users/ethan_chou/.pico-sdk/sdk/2.3.0/src/rp2_common/hardware_irq/irq.c.o
                                 0x60 (size before relaxing)
 .rodata.make_j_16.str1.4
                0x100071d4        0x0 CMakeFiles/WHOAMI.dir/Users/ethan_chou/.pico-sdk/sdk/2.3.0/src/rp2_common/hardware_irq/irq.c.o
                                 0x30 (size before relaxing)
 .rodata.irq_set_exclusive_handler.str1.4
                0x100071d4        0x0 CMakeFiles/WHOAMI.dir/Users/ethan_chou/.pico-sdk/sdk/2.3.0/src/rp2_common/hardware_irq/irq.c.o
                                 0x36 (size before relaxing)
 .rodata.irq_add_shared_handler.str1.4
                0x100071d4        0x0 CMakeFiles/WHOAMI.dir/Users/ethan_chou/.pico-sdk/sdk/2.3.0/src/rp2_common/hardware_irq/irq.c.o
                                 0xd2 (size before relaxing)
 .rodata.irq_add_tail_to_free_list.str1.4
                0x100071d4        0x0 CMakeFiles/WHOAMI.dir/Users/ethan_chou/.pico-sdk/sdk/2.3.0/src/rp2_common/hardware_irq/irq.c.o
                                 0x3a (size before relaxing)
 .rodata.user_irq_claim_unused.str1.4
                0x100071d4        0x0 CMakeFiles/WHOAMI.dir/Users/ethan_chou/.pico-sdk/sdk/2.3.0/src/rp2_common/hardware_irq/irq.c.o
                                 0x1b (size before relaxing)
 .rodata.__func__.0
                0x100071d4       0x1a CMakeFiles/WHOAMI.dir/Users/ethan_chou/.pico-sdk/sdk/2.3.0/src/rp2_common/hardware_irq/irq.c.o
 *fill*         0x100071ee        0x2 
 .rodata.__func__.3
                0x100071f0        0xa CMakeFiles/WHOAMI.dir/Users/ethan_chou/.pico-sdk/sdk/2.3.0/src/rp2_common/hardware_irq/irq.c.o
 *fill*         0x100071fa        0x2 
 .rodata.__func__.4
                0x100071fc        0xd CMakeFiles/WHOAMI.dir/Users/ethan_chou/.pico-sdk/sdk/2.3.0/src/rp2_common/hardware_irq/irq.c.o
 *fill*         0x10007209        0x3 
 .rodata.__func__.5
                0x1000720c       0x17 CMakeFiles/WHOAMI.dir/Users/ethan_chou/.pico-sdk/sdk/2.3.0/src/rp2_common/hardware_irq/irq.c.o
 *fill*         0x10007223        0x1 
 .rodata.__func__.6
                0x10007224       0x1a CMakeFiles/WHOAMI.dir/Users/ethan_chou/.pico-sdk/sdk/2.3.0/src/rp2_common/hardware_irq/irq.c.o
 .rodata.runtime_init_mutex.str1.4
                0x1000723e        0x0 CMakeFiles/WHOAMI.dir/Users/ethan_chou/.pico-sdk/sdk/2.3.0/src/common/pico_sync/mutex.c.o
                                 0x63 (size before relaxing)
 .rodata.str1.4
                0x1000723e        0x0 CMakeFiles/WHOAMI.dir/Users/ethan_chou/.pico-sdk/sdk/2.3.0/src/common/pico_sync/mutex.c.o
                                 0x51 (size before relaxing)
 *fill*         0x1000723e        0x2 
 .rodata.__func__.1
                0x10007240        0xb CMakeFiles/WHOAMI.dir/Users/ethan_chou/.pico-sdk/sdk/2.3.0/src/common/pico_sync/mutex.c.o
 *fill*         0x1000724b        0x1 
 .rodata.__func__.3
                0x1000724c       0x18 CMakeFiles/WHOAMI.dir/Users/ethan_chou/.pico-sdk/sdk/2.3.0/src/common/pico_sync/mutex.c.o
 .rodata.__func__.6
                0x10007264       0x13 CMakeFiles/WHOAMI.dir/Users/ethan_chou/.pico-sdk/sdk/2.3.0/src/common/pico_sync/mutex.c.o
 .rodata.alarm_pool_irq_handler.str1.4
                0x10007277        0x0 CMakeFiles/WHOAMI.dir/Users/ethan_chou/.pico-sdk/sdk/2.3.0/src/common/pico_time/time.c.o
                                 0x6e (size before relaxing)
 .rodata.alarm_pool_get_default.str1.4
                0x10007277        0x0 CMakeFiles/WHOAMI.dir/Users/ethan_chou/.pico-sdk/sdk/2.3.0/src/common/pico_time/time.c.o
                                 0x21 (size before relaxing)
 .rodata.sleep_until.str1.4
                0x10007277        0x0 CMakeFiles/WHOAMI.dir/Users/ethan_chou/.pico-sdk/sdk/2.3.0/src/common/pico_time/time.c.o
                                 0x4d (size before relaxing)
 *fill*         0x10007277        0x1 
 .rodata.__func__.2
                0x10007278       0x17 CMakeFiles/WHOAMI.dir/Users/ethan_chou/.pico-sdk/sdk/2.3.0/src/common/pico_time/time.c.o
 *fill*         0x1000728f        0x1 
 .rodata.__func__.3
                0x10007290       0x17 CMakeFiles/WHOAMI.dir/Users/ethan_chou/.pico-sdk/sdk/2.3.0/src/common/pico_time/time.c.o
 .rodata.timer_hardware_alarm_claim.str1.4
                0x100072a7        0x0 CMakeFiles/WHOAMI.dir/Users/ethan_chou/.pico-sdk/sdk/2.3.0/src/rp2_common/hardware_timer/timer.c.o
                                 0x22 (size before relaxing)
 .rodata.pll_init.str1.4
                0x100072a7        0x0 CMakeFiles/WHOAMI.dir/Users/ethan_chou/.pico-sdk/sdk/2.3.0/src/rp2_common/hardware_pll/pll.c.o
                                0x11c (size before relaxing)
 *fill*         0x100072a7        0x1 
 .rodata.__func__.0
                0x100072a8        0x9 CMakeFiles/WHOAMI.dir/Users/ethan_chou/.pico-sdk/sdk/2.3.0/src/rp2_common/hardware_pll/pll.c.o
 .rodata.missing_double_func_shim.str1.4
                0x100072b1        0x0 CMakeFiles/WHOAMI.dir/Users/ethan_chou/.pico-sdk/sdk/2.3.0/src/rp2_common/pico_double/double_init_rom_rp2040.c.o
                                 0x18 (size before relaxing)
 .rodata.__aeabi_double_init.str1.4
                0x100072b1        0x0 CMakeFiles/WHOAMI.dir/Users/ethan_chou/.pico-sdk/sdk/2.3.0/src/rp2_common/pico_double/double_init_rom_rp2040.c.o
                                 0x9e (size before relaxing)
 *fill*         0x100072b1        0x3 
 .rodata.__func__.0
                0x100072b4       0x14 CMakeFiles/WHOAMI.dir/Users/ethan_chou/.pico-sdk/sdk/2.3.0/src/rp2_common/pico_double/double_init_rom_rp2040.c.o
 .rodata.missing_float_func_shim.str1.4
                0x100072c8        0x0 CMakeFiles/WHOAMI.dir/Users/ethan_chou/.pico-sdk/sdk/2.3.0/src/rp2_common/pico_float/float_init_rom_rp2040.c.o
                                  0x1 (size before relaxing)
 .rodata.__aeabi_float_init.str1.4
                0x100072c8        0x0 CMakeFiles/WHOAMI.dir/Users/ethan_chou/.pico-sdk/sdk/2.3.0/src/rp2_common/pico_float/float_init_rom_rp2040.c.o
                                 0x8c (size before relaxing)
 .rodata.__func__.0
                0x100072c8       0x13 CMakeFiles/WHOAMI.dir/Users/ethan_chou/.pico-sdk/sdk/2.3.0/src/rp2_common/pico_float/float_init_rom_rp2040.c.o
 .rodata.str1.4
                0x100072db        0x0 CMakeFiles/WHOAMI.dir/Users/ethan_chou/.pico-sdk/sdk/2.3.0/src/rp2_common/pico_standard_binary_info/standard_binary_info.c.o
                                 0x40 (size before relaxing)
 *fill*         0x100072db        0x1 
 .rodata.__bi_84
                0x100072dc        0xc CMakeFiles/WHOAMI.dir/Users/ethan_chou/.pico-sdk/sdk/2.3.0/src/rp2_common/pico_standard_binary_info/standard_binary_info.c.o
 .rodata.__bi_78
                0x100072e8        0xc CMakeFiles/WHOAMI.dir/Users/ethan_chou/.pico-sdk/sdk/2.3.0/src/rp2_common/pico_standard_binary_info/standard_binary_info.c.o
 .rodata.__bi_60
                0x100072f4        0xc CMakeFiles/WHOAMI.dir/Users/ethan_chou/.pico-sdk/sdk/2.3.0/src/rp2_common/pico_standard_binary_info/standard_binary_info.c.o
 .rodata.__bi_54
                0x10007300        0xc CMakeFiles/WHOAMI.dir/Users/ethan_chou/.pico-sdk/sdk/2.3.0/src/rp2_common/pico_standard_binary_info/standard_binary_info.c.o
 .rodata.__bi_48
                0x1000730c        0xc CMakeFiles/WHOAMI.dir/Users/ethan_chou/.pico-sdk/sdk/2.3.0/src/rp2_common/pico_standard_binary_info/standard_binary_info.c.o
 .rodata.__bi_42
                0x10007318        0xc CMakeFiles/WHOAMI.dir/Users/ethan_chou/.pico-sdk/sdk/2.3.0/src/rp2_common/pico_standard_binary_info/standard_binary_info.c.o
 .rodata.__bi_34
                0x10007324        0xc CMakeFiles/WHOAMI.dir/Users/ethan_chou/.pico-sdk/sdk/2.3.0/src/rp2_common/pico_standard_binary_info/standard_binary_info.c.o
 .rodata.__bi_26
                0x10007330        0xc CMakeFiles/WHOAMI.dir/Users/ethan_chou/.pico-sdk/sdk/2.3.0/src/rp2_common/pico_standard_binary_info/standard_binary_info.c.o
 .rodata._ftoa.str1.4
                0x1000733c        0x0 CMakeFiles/WHOAMI.dir/Users/ethan_chou/.pico-sdk/sdk/2.3.0/src/rp2_common/pico_printf/printf.c.o
                                 0x15 (size before relaxing)
 *fill*         0x1000733c        0x4 
 .rodata.pow10.0
                0x10007340       0x50 CMakeFiles/WHOAMI.dir/Users/ethan_chou/.pico-sdk/sdk/2.3.0/src/rp2_common/pico_printf/printf.c.o
 .rodata.__assert_func.str1.4
                0x10007390        0x0 CMakeFiles/WHOAMI.dir/Users/ethan_chou/.pico-sdk/sdk/2.3.0/src/rp2_common/pico_clib_interface/newlib_interface.c.o
                                 0x43 (size before relaxing)
 .rodata.crlf_str.0
                0x10007390        0x2 CMakeFiles/WHOAMI.dir/Users/ethan_chou/.pico-sdk/sdk/2.3.0/src/rp2_common/pico_stdio/stdio.c.o
 .rodata.stdio_usb_init.str1.4
                0x10007392        0x0 CMakeFiles/WHOAMI.dir/Users/ethan_chou/.pico-sdk/sdk/2.3.0/src/rp2_common/pico_stdio_usb/stdio_usb.c.o
                                 0x58 (size before relaxing)
 .rodata.str1.4
                0x10007392        0x0 CMakeFiles/WHOAMI.dir/Users/ethan_chou/.pico-sdk/sdk/2.3.0/src/rp2_common/pico_stdio_usb/stdio_usb.c.o
                                 0x13 (size before relaxing)
 *fill*         0x10007392        0x2 
 .rodata.__bi_204.1
                0x10007394        0xc CMakeFiles/WHOAMI.dir/Users/ethan_chou/.pico-sdk/sdk/2.3.0/src/rp2_common/pico_stdio_usb/stdio_usb.c.o
 .rodata.__func__.2
                0x100073a0        0xf CMakeFiles/WHOAMI.dir/Users/ethan_chou/.pico-sdk/sdk/2.3.0/src/rp2_common/pico_stdio_usb/stdio_usb.c.o
 .rodata.str1.4
                0x100073af        0x0 CMakeFiles/WHOAMI.dir/Users/ethan_chou/.pico-sdk/sdk/2.3.0/src/rp2_common/pico_stdio_usb/stdio_usb_descriptors.c.o
                                 0x2a (size before relaxing)
 *fill*         0x100073af        0x1 
 .rodata.usbd_desc_str
                0x100073b0       0x18 CMakeFiles/WHOAMI.dir/Users/ethan_chou/.pico-sdk/sdk/2.3.0/src/rp2_common/pico_stdio_usb/stdio_usb_descriptors.c.o
 .rodata.usbd_desc_cfg
                0x100073c8       0x54 CMakeFiles/WHOAMI.dir/Users/ethan_chou/.pico-sdk/sdk/2.3.0/src/rp2_common/pico_stdio_usb/stdio_usb_descriptors.c.o
 .rodata.usbd_desc_device
                0x1000741c       0x12 CMakeFiles/WHOAMI.dir/Users/ethan_chou/.pico-sdk/sdk/2.3.0/src/rp2_common/pico_stdio_usb/stdio_usb_descriptors.c.o
 .rodata.pico_get_unique_board_id_string.str1.4
                0x1000742e        0x0 CMakeFiles/WHOAMI.dir/Users/ethan_chou/.pico-sdk/sdk/2.3.0/src/rp2_common/pico_unique_id/unique_id.c.o
                                 0x58 (size before relaxing)
 *fill*         0x1000742e        0x2 
 .rodata.__func__.0
                0x10007430       0x20 CMakeFiles/WHOAMI.dir/Users/ethan_chou/.pico-sdk/sdk/2.3.0/src/rp2_common/pico_unique_id/unique_id.c.o
 .rodata.str1.4
                0x10007450        0x0 CMakeFiles/WHOAMI.dir/Users/ethan_chou/.pico-sdk/sdk/2.3.0/src/rp2_common/hardware_flash/flash.c.o
                                0x205 (size before relaxing)
 .rodata.__func__.0
                0x10007450       0x10 CMakeFiles/WHOAMI.dir/Users/ethan_chou/.pico-sdk/sdk/2.3.0/src/rp2_common/hardware_flash/flash.c.o
 .rodata.desc_ms_os_20
                0x10007460       0xa6 CMakeFiles/WHOAMI.dir/Users/ethan_chou/.pico-sdk/sdk/2.3.0/src/rp2_common/pico_usb_reset/usb_reset.c.o
 *fill*         0x10007506        0x2 
 .rodata.desc_bos
                0x10007508       0x21 CMakeFiles/WHOAMI.dir/Users/ethan_chou/.pico-sdk/sdk/2.3.0/src/rp2_common/pico_usb_reset/usb_reset.c.o
                0x10007508                desc_bos
 *fill*         0x10007529        0x3 
 .rodata.usb_reset_interface_driver
                0x1000752c       0x20 CMakeFiles/WHOAMI.dir/Users/ethan_chou/.pico-sdk/sdk/2.3.0/src/rp2_common/pico_usb_reset/usb_reset.c.o
 .rodata.hw_endpoint_alloc.str1.4
                0x1000754c        0x0 CMakeFiles/WHOAMI.dir/Users/ethan_chou/.pico-sdk/sdk/2.3.0/lib/tinyusb/src/portable/raspberrypi/rp2040/dcd_rp2040.c.o
                                 0xa3 (size before relaxing)
 .rodata.str1.4
                0x1000754c        0x0 CMakeFiles/WHOAMI.dir/Users/ethan_chou/.pico-sdk/sdk/2.3.0/lib/tinyusb/src/portable/raspberrypi/rp2040/dcd_rp2040.c.o
                                 0x14 (size before relaxing)
 .rodata.dcd_int_enable.str1.4
                0x1000754c        0x0 CMakeFiles/WHOAMI.dir/Users/ethan_chou/.pico-sdk/sdk/2.3.0/lib/tinyusb/src/portable/raspberrypi/rp2040/dcd_rp2040.c.o
                                  0xc (size before relaxing)
 .rodata.__func__.0
                0x1000754c        0xe CMakeFiles/WHOAMI.dir/Users/ethan_chou/.pico-sdk/sdk/2.3.0/lib/tinyusb/src/portable/raspberrypi/rp2040/dcd_rp2040.c.o
 *fill*         0x1000755a        0x2 
 .rodata.__func__.3
                0x1000755c       0x10 CMakeFiles/WHOAMI.dir/Users/ethan_chou/.pico-sdk/sdk/2.3.0/lib/tinyusb/src/portable/raspberrypi/rp2040/dcd_rp2040.c.o
 .rodata.__func__.5
                0x1000756c        0xf CMakeFiles/WHOAMI.dir/Users/ethan_chou/.pico-sdk/sdk/2.3.0/lib/tinyusb/src/portable/raspberrypi/rp2040/dcd_rp2040.c.o
 *fill*         0x1000757b        0x1 
 .rodata.__func__.6
                0x1000757c       0x12 CMakeFiles/WHOAMI.dir/Users/ethan_chou/.pico-sdk/sdk/2.3.0/lib/tinyusb/src/portable/raspberrypi/rp2040/dcd_rp2040.c.o
 *fill*         0x1000758e        0x2 
 .rodata.__func__.7
                0x10007590        0x9 CMakeFiles/WHOAMI.dir/Users/ethan_chou/.pico-sdk/sdk/2.3.0/lib/tinyusb/src/portable/raspberrypi/rp2040/dcd_rp2040.c.o
 .rodata.str1.4
                0x10007599        0x0 CMakeFiles/WHOAMI.dir/Users/ethan_chou/.pico-sdk/sdk/2.3.0/lib/tinyusb/src/portable/raspberrypi/rp2040/rp2040_usb.c.o
                                 0xe8 (size before relaxing)
 .rodata.hw_endpoint_xfer_start.str1.4
                0x10007599        0x0 CMakeFiles/WHOAMI.dir/Users/ethan_chou/.pico-sdk/sdk/2.3.0/lib/tinyusb/src/portable/raspberrypi/rp2040/rp2040_usb.c.o
                                 0x38 (size before relaxing)
 *fill*         0x10007599        0x3 
 .rodata.__func__.0
                0x1000759c        0xf CMakeFiles/WHOAMI.dir/Users/ethan_chou/.pico-sdk/sdk/2.3.0/lib/tinyusb/src/portable/raspberrypi/rp2040/rp2040_usb.c.o
 .rodata.configuration_reset.str1.4
                0x100075ab        0x0 CMakeFiles/WHOAMI.dir/Users/ethan_chou/.pico-sdk/sdk/2.3.0/lib/tinyusb/src/device/usbd.c.o